Archive member included to satisfy reference by file (symbol)

/opt/homebrew/Cellar/riscv-gnu-toolchain/main/lib/gcc/riscv64-unknown-elf/15.1.0/rv32imac/ilp32/libgcc.a(_divdi3.o)
                              CMakeFiles/os_elf.dir/pico-sdk/src/common/pico_time/time.c.o (__divdi3)
/opt/homebrew/Cellar/riscv-gnu-toolchain/main/lib/gcc/riscv64-unknown-elf/15.1.0/rv32imac/ilp32/libgcc.a(_moddi3.o)
                              CMakeFiles/os_elf.dir/pico-sdk/src/common/pico_util/datetime.c.o (__moddi3)
/opt/homebrew/Cellar/riscv-gnu-toolchain/main/lib/gcc/riscv64-unknown-elf/15.1.0/rv32imac/ilp32/libgcc.a(_udivdi3.o)
                              CMakeFiles/os_elf.dir/pico-sdk/src/rp2_common/hardware_clocks/clocks.c.o (__udivdi3)
/opt/homebrew/Cellar/riscv-gnu-toolchain/main/lib/gcc/riscv64-unknown-elf/15.1.0/rv32imac/ilp32/libgcc.a(_umoddi3.o)
                              CMakeFiles/os_elf.dir/pico-sdk/src/rp2_common/pico_divider/divider_compiler.c.o (__umoddi3)
/opt/homebrew/Cellar/riscv-gnu-toolchain/main/lib/gcc/riscv64-unknown-elf/15.1.0/rv32imac/ilp32/libgcc.a(adddf3.o)
                              CMakeFiles/os_elf.dir/pico-sdk/src/rp2_common/pico_printf/printf.c.o (__adddf3)
/opt/homebrew/Cellar/riscv-gnu-toolchain/main/lib/gcc/riscv64-unknown-elf/15.1.0/rv32imac/ilp32/libgcc.a(divdf3.o)
                              CMakeFiles/os_elf.dir/pico-sdk/src/rp2_common/pico_printf/printf.c.o (__divdf3)
/opt/homebrew/Cellar/riscv-gnu-toolchain/main/lib/gcc/riscv64-unknown-elf/15.1.0/rv32imac/ilp32/libgcc.a(gedf2.o)
                              CMakeFiles/os_elf.dir/pico-sdk/src/rp2_common/pico_printf/printf.c.o (__gedf2)
/opt/homebrew/Cellar/riscv-gnu-toolchain/main/lib/gcc/riscv64-unknown-elf/15.1.0/rv32imac/ilp32/libgcc.a(ledf2.o)
                              CMakeFiles/os_elf.dir/pico-sdk/src/rp2_common/pico_printf/printf.c.o (__ltdf2)
/opt/homebrew/Cellar/riscv-gnu-toolchain/main/lib/gcc/riscv64-unknown-elf/15.1.0/rv32imac/ilp32/libgcc.a(muldf3.o)
                              CMakeFiles/os_elf.dir/pico-sdk/src/rp2_common/pico_printf/printf.c.o (__muldf3)
/opt/homebrew/Cellar/riscv-gnu-toolchain/main/lib/gcc/riscv64-unknown-elf/15.1.0/rv32imac/ilp32/libgcc.a(subdf3.o)
                              CMakeFiles/os_elf.dir/pico-sdk/src/rp2_common/pico_printf/printf.c.o (__subdf3)
/opt/homebrew/Cellar/riscv-gnu-toolchain/main/lib/gcc/riscv64-unknown-elf/15.1.0/rv32imac/ilp32/libgcc.a(unorddf2.o)
                              CMakeFiles/os_elf.dir/pico-sdk/src/rp2_common/pico_printf/printf.c.o (__unorddf2)
/opt/homebrew/Cellar/riscv-gnu-toolchain/main/lib/gcc/riscv64-unknown-elf/15.1.0/rv32imac/ilp32/libgcc.a(fixdfsi.o)
                              CMakeFiles/os_elf.dir/pico-sdk/src/rp2_common/pico_printf/printf.c.o (__fixdfsi)
/opt/homebrew/Cellar/riscv-gnu-toolchain/main/lib/gcc/riscv64-unknown-elf/15.1.0/rv32imac/ilp32/libgcc.a(fixunsdfsi.o)
                              CMakeFiles/os_elf.dir/pico-sdk/src/rp2_common/pico_printf/printf.c.o (__fixunsdfsi)
/opt/homebrew/Cellar/riscv-gnu-toolchain/main/lib/gcc/riscv64-unknown-elf/15.1.0/rv32imac/ilp32/libgcc.a(floatsidf.o)
                              CMakeFiles/os_elf.dir/pico-sdk/src/rp2_common/pico_printf/printf.c.o (__floatsidf)
/opt/homebrew/Cellar/riscv-gnu-toolchain/main/lib/gcc/riscv64-unknown-elf/15.1.0/rv32imac/ilp32/libgcc.a(floatunsidf.o)
                              CMakeFiles/os_elf.dir/pico-sdk/src/rp2_common/pico_printf/printf.c.o (__floatunsidf)
/opt/homebrew/Cellar/riscv-gnu-toolchain/main/lib/gcc/riscv64-unknown-elf/15.1.0/rv32imac/ilp32/libgcc.a(_clz.o)
                              /opt/homebrew/Cellar/riscv-gnu-toolchain/main/lib/gcc/riscv64-unknown-elf/15.1.0/rv32imac/ilp32/libgcc.a(_divdi3.o) (__clz_tab)
/opt/homebrew/Cellar/riscv-gnu-toolchain/main/lib/gcc/riscv64-unknown-elf/15.1.0/rv32imac/ilp32/libgcc.a(_clzsi2.o)
                              /opt/homebrew/Cellar/riscv-gnu-toolchain/main/lib/gcc/riscv64-unknown-elf/15.1.0/rv32imac/ilp32/libgcc.a(adddf3.o) (__clzsi2)
/opt/homebrew/Cellar/riscv-gnu-toolchain/main/lib/gcc/riscv64-unknown-elf/15.1.0/../../../../riscv64-unknown-elf/lib/rv32imac/ilp32/libc.a(libc_a-calloc.o)
                              CMakeFiles/os_elf.dir/pico-sdk/src/rp2_common/pico_malloc/malloc.c.o (calloc)
/opt/homebrew/Cellar/riscv-gnu-toolchain/main/lib/gcc/riscv64-unknown-elf/15.1.0/../../../../riscv64-unknown-elf/lib/rv32imac/ilp32/libc.a(libc_a-callocr.o)
                              /opt/homebrew/Cellar/riscv-gnu-toolchain/main/lib/gcc/riscv64-unknown-elf/15.1.0/../../../../riscv64-unknown-elf/lib/rv32imac/ilp32/libc.a(libc_a-calloc.o) (_calloc_r)
/opt/homebrew/Cellar/riscv-gnu-toolchain/main/lib/gcc/riscv64-unknown-elf/15.1.0/../../../../riscv64-unknown-elf/lib/rv32imac/ilp32/libc.a(libc_a-malloc.o)
                              CMakeFiles/os_elf.dir/pico-sdk/src/rp2_common/pico_malloc/malloc.c.o (malloc)
[...]
Memory Configuration

Name             Origin             Length             Attributes
FLASH            0x10000000         0x00400000         xr
RAM              0x20000000         0x00080000         xrw
SCRATCH_X        0x20080000         0x00001000         xrw
SCRATCH_Y        0x20081000         0x00001000         xrw
*default*        0x00000000         0xffffffff

Linker script and memory map

LOAD /opt/homebrew/Cellar/riscv-gnu-toolchain/main/lib/gcc/riscv64-unknown-elf/15.1.0/../../../../riscv64-unknown-elf/lib/rv32imac/ilp32/crt0.o
LOAD /opt/homebrew/Cellar/riscv-gnu-toolchain/main/lib/gcc/riscv64-unknown-elf/15.1.0/rv32imac/ilp32/crtbegin.o

.flash_begin    0x10000000        0x0
                0x10000000                        __flash_binary_start = .

.text           0x10000000     0x1c88
                0x10000000                        __logical_binary_start = .
 *(.vectors)
 *(.binary_info_header)
 .binary_info_header
                0x10000000       0x14 CMakeFiles/os_elf.dir/pico-sdk/src/rp2_common/pico_crt0/crt0_riscv.S.o
                0x10000014                        __binary_info_header_end = .
 *(.embedded_block)
 .embedded_block
                0x10000014       0x20 CMakeFiles/os_elf.dir/pico-sdk/src/rp2_common/pico_crt0/crt0_riscv.S.o
                0x10000034                        __embedded_block_end = .
 *(.reset)
 .reset         0x10000034       0xa6 CMakeFiles/os_elf.dir/pico-sdk/src/rp2_common/pico_crt0/crt0_riscv.S.o
                0x10000034                _entry_point
 *(.init)
 SORT_BY_NAME(REVERSE(*libgcc.a:cmse_nonsecure_call.o))()
 *(EXCLUDE_FILE(*libm.a: *libc.a:*lib_a-mem*.o *libgcc.a:) .text*)
 .text          0x100000da       0x62 /opt/homebrew/Cellar/riscv-gnu-toolchain/main/lib/gcc/riscv64-unknown-elf/15.1.0/rv32imac/ilp32/crtbegin.o
 .text.startup.main
                0x1000013c       0x1e CMakeFiles/os_elf.dir/src/kernel.c.o
                0x1000013c                main
 .text.os_uart_puts
                0x1000015a       0x22 CMakeFiles/os_elf.dir/src/uart/uart.c.o
                0x1000015a                os_uart_puts
 .text.os_uart_init
                0x1000017c        0x4 CMakeFiles/os_elf.dir/src/uart/uart.c.o
                0x1000017c                os_uart_init
 .text.gpio_set_function
                0x10000180       0x30 CMakeFiles/os_elf.dir/pico-sdk/src/rp2_common/hardware_gpio/gpio.c.o
                0x10000180                gpio_set_function
 .text.panic    0x100001b0       0x40 CMakeFiles/os_elf.dir/pico-sdk/src/rp2_common/pico_platform_panic/panic.c.o
                0x100001b0                panic
 .text.hw_claim_or_assert
                0x100001f0       0x66 CMakeFiles/os_elf.dir/pico-sdk/src/common/hardware_claim/claim.c.o
                0x100001f0                hw_claim_or_assert
 .text.next_striped_spin_lock_num
                0x10000256       0x1e CMakeFiles/os_elf.dir/pico-sdk/src/rp2_common/hardware_sync/sync.c.o
                0x10000256                next_striped_spin_lock_num
 .text.spin_locks_reset
                0x10000274       0x22 CMakeFiles/os_elf.dir/pico-sdk/src/rp2_common/hardware_sync_spin_lock/sync_spin_lock.c.o
                0x10000274                spin_locks_reset
 .text.runtime_init_per_core_irq_priorities
                0x10000296       0x38 CMakeFiles/os_elf.dir/pico-sdk/src/rp2_common/hardware_irq/irq.c.o
                0x10000296                runtime_init_per_core_irq_priorities
 .text.irq_set_enabled
                0x100002ce       0x36 CMakeFiles/os_elf.dir/pico-sdk/src/rp2_common/hardware_irq/irq.c.o
                0x100002ce                irq_set_enabled
 .text.irq_set_exclusive_handler
                0x10000304       0x82 CMakeFiles/os_elf.dir/pico-sdk/src/rp2_common/hardware_irq/irq.c.o
                0x10000304                irq_set_exclusive_handler
 .text.irq_remove_handler
                0x10000386      0x364 CMakeFiles/os_elf.dir/pico-sdk/src/rp2_common/hardware_irq/irq.c.o
                0x10000386                irq_remove_handler
 .text.irq_add_tail_to_free_list
                0x100006ea       0xee CMakeFiles/os_elf.dir/pico-sdk/src/rp2_common/hardware_irq/irq.c.o
                0x100006ea                irq_add_tail_to_free_list
 .text.lock_init
                0x100007d8        0xe CMakeFiles/os_elf.dir/pico-sdk/src/common/pico_sync/lock_core.c.o
                0x100007d8                lock_init
 .text.runtime_init_mutex
                0x100007e6       0x66 CMakeFiles/os_elf.dir/pico-sdk/src/common/pico_sync/mutex.c.o
                0x100007e6                runtime_init_mutex
 .text.sleep_until_callback
                0x1000084c       0x40 CMakeFiles/os_elf.dir/pico-sdk/src/common/pico_time/time.c.o
 .text.alarm_pool_irq_handler
                0x1000088c      0x398 CMakeFiles/os_elf.dir/pico-sdk/src/common/pico_time/time.c.o
 .text.runtime_init_default_alarm_pool
                0x10000c24      0x10c CMakeFiles/os_elf.dir/pico-sdk/src/common/pico_time/time.c.o
                0x10000c24                runtime_init_default_alarm_pool
 .text.alarm_pool_add_alarm_at_force_in_context
                0x10000d30       0xdc CMakeFiles/os_elf.dir/pico-sdk/src/common/pico_time/time.c.o
                0x10000d30                alarm_pool_add_alarm_at_force_in_context
 .text.alarm_pool_cancel_alarm
                0x10000e0c       0x90 CMakeFiles/os_elf.dir/pico-sdk/src/common/pico_time/time.c.o
                0x10000e0c                alarm_pool_cancel_alarm
 .text.sleep_ms
                0x10000e9c      0x116 CMakeFiles/os_elf.dir/pico-sdk/src/common/pico_time/time.c.o
                0x10000e9c                sleep_ms
 .text.best_effort_wfe_or_timeout
                0x10000fb2      0x128 CMakeFiles/os_elf.dir/pico-sdk/src/common/pico_time/time.c.o
                0x10000fb2                best_effort_wfe_or_timeout
 .text.timer_hardware_alarm_claim
                0x100010da       0x20 CMakeFiles/os_elf.dir/pico-sdk/src/rp2_common/hardware_timer/timer.c.o
                0x100010da                timer_hardware_alarm_claim
 .text.timer_time_us_64
                0x100010fa       0x10 CMakeFiles/os_elf.dir/pico-sdk/src/rp2_common/hardware_timer/timer.c.o
                0x100010fa                timer_time_us_64
 .text.time_us_64
                0x1000110a       0x12 CMakeFiles/os_elf.dir/pico-sdk/src/rp2_common/hardware_timer/timer.c.o
                0x1000110a                time_us_64
 .text.busy_wait_us
                0x1000111c       0x66 CMakeFiles/os_elf.dir/pico-sdk/src/rp2_common/hardware_timer/timer.c.o
                0x1000111c                busy_wait_us
 .text.busy_wait_until
                0x10001182       0x22 CMakeFiles/os_elf.dir/pico-sdk/src/rp2_common/hardware_timer/timer.c.o
                0x10001182                busy_wait_until
 .text.uart_init
                0x100011a4      0x12e CMakeFiles/os_elf.dir/pico-sdk/src/rp2_common/hardware_uart/uart.c.o
                0x100011a4                uart_init
 *fill*         0x100012d2        0x2 
 .text.clock_configure_undivided
                0x100012d4       0xdc CMakeFiles/os_elf.dir/pico-sdk/src/rp2_common/hardware_clocks/clocks.c.o
                0x100012d4                clock_configure_undivided
 .text.clock_get_hz
                0x100013b0       0x10 CMakeFiles/os_elf.dir/pico-sdk/src/rp2_common/hardware_clocks/clocks.c.o
                0x100013b0                clock_get_hz
 .text.pll_init
                0x100013c0       0x8a CMakeFiles/os_elf.dir/pico-sdk/src/rp2_common/hardware_pll/pll.c.o
                0x100013c0                pll_init
 .text.tick_start
                0x1000144a       0x14 CMakeFiles/os_elf.dir/pico-sdk/src/rp2_common/hardware_ticks/ticks.c.o
                0x1000144a                tick_start
 .text.rom_func_lookup
                0x1000145e        0xe CMakeFiles/os_elf.dir/pico-sdk/src/rp2_common/pico_bootrom/bootrom.c.o
                0x1000145e                rom_func_lookup
 .text.runtime_init_bootrom_locking_enable
                0x1000146c       0x12 CMakeFiles/os_elf.dir/pico-sdk/src/rp2_common/pico_bootrom/bootrom_lock.c.o
                0x1000146c                runtime_init_bootrom_locking_enable
 .text.runtime_init_boot_locks_reset
                0x1000147e       0x20 CMakeFiles/os_elf.dir/pico-sdk/src/rp2_common/hardware_boot_lock/boot_lock.c.o
                0x1000147e                runtime_init_boot_locks_reset
 .text.xosc_init
                0x1000149e       0x24 CMakeFiles/os_elf.dir/pico-sdk/src/rp2_common/hardware_xosc/xosc.c.o
                0x1000149e                xosc_init
 .text.first_per_core_initializer
                0x100014c2        0x2 CMakeFiles/os_elf.dir/pico-sdk/src/rp2_common/pico_runtime/runtime.c.o
 .text.hard_assertion_failure
                0x100014c4       0x10 CMakeFiles/os_elf.dir/pico-sdk/src/rp2_common/pico_runtime/runtime.c.o
                0x100014c4                hard_assertion_failure
 .text.runtime_run_initializers
                0x100014d4       0x30 CMakeFiles/os_elf.dir/pico-sdk/src/rp2_common/pico_runtime/runtime.c.o
                0x100014d4                runtime_run_initializers
 .text.runtime_init_early_resets
                0x10001504       0x2a CMakeFiles/os_elf.dir/pico-sdk/src/rp2_common/pico_runtime_init/runtime_init.c.o
                0x10001504                runtime_init_early_resets
 .text.runtime_init_usb_power_down
                0x1000152e       0x1a CMakeFiles/os_elf.dir/pico-sdk/src/rp2_common/pico_runtime_init/runtime_init.c.o
                0x1000152e                runtime_init_usb_power_down
 .text.runtime_init_post_clock_resets
                0x10001548       0x1c CMakeFiles/os_elf.dir/pico-sdk/src/rp2_common/pico_runtime_init/runtime_init.c.o
                0x10001548                runtime_init_post_clock_resets
 .text.runtime_init_bootrom_reset
                0x10001564       0x16 CMakeFiles/os_elf.dir/pico-sdk/src/rp2_common/pico_runtime_init/runtime_init.c.o
                0x10001564                runtime_init_bootrom_reset
 .text.runtime_init_per_core_bootrom_reset
                0x1000157a       0x16 CMakeFiles/os_elf.dir/pico-sdk/src/rp2_common/pico_runtime_init/runtime_init.c.o
                0x1000157a                runtime_init_per_core_bootrom_reset
 .text.runtime_init_spin_locks_reset
                0x10001590        0x4 CMakeFiles/os_elf.dir/pico-sdk/src/rp2_common/pico_runtime_init/runtime_init.c.o
                0x10001590                runtime_init_spin_locks_reset
 .text.runtime_init_clocks
                0x10001594       0xec CMakeFiles/os_elf.dir/pico-sdk/src/rp2_common/pico_runtime_init/runtime_init_clocks.c.o
                0x10001594                runtime_init_clocks
 .text._out_char
                0x10001680        0x6 CMakeFiles/os_elf.dir/pico-sdk/src/rp2_common/pico_printf/printf.c.o
 .text.weak_raw_vprintf
                0x10001686       0x2e CMakeFiles/os_elf.dir/pico-sdk/src/rp2_common/pico_printf/printf.c.o
                0x10001686                weak_raw_vprintf
 .text          0x100016b4       0x20 CMakeFiles/os_elf.dir/pico-sdk/src/rp2_common/pico_crt0/crt0_riscv.S.o
                0x100016b4                runtime_init_per_core_h3_irq_registers
 .text._exit    0x100016d4        0x4 CMakeFiles/os_elf.dir/pico-sdk/src/rp2_common/pico_clib_interface/newlib_interface.c.o
                0x100016d4                _exit
 .text.exit     0x100016d8        0x6 CMakeFiles/os_elf.dir/pico-sdk/src/rp2_common/pico_clib_interface/newlib_interface.c.o
                0x100016d8                exit
 .text.runtime_init
                0x100016de       0x32 CMakeFiles/os_elf.dir/pico-sdk/src/rp2_common/pico_clib_interface/newlib_interface.c.o
                0x100016de                runtime_init
 .text.stdio_out_chars_no_crlf
                0x10001710        0x8 CMakeFiles/os_elf.dir/pico-sdk/src/rp2_common/pico_stdio/stdio.c.o
 .text.stdio_out_chars_crlf
                0x10001718       0xd4 CMakeFiles/os_elf.dir/pico-sdk/src/rp2_common/pico_stdio/stdio.c.o
 .text.stdio_put_string
                0x100017ec       0xfc CMakeFiles/os_elf.dir/pico-sdk/src/rp2_common/pico_stdio/stdio.c.o
                0x100017ec                stdio_put_string
 .text.stdio_set_driver_enabled
                0x100018e8       0x28 CMakeFiles/os_elf.dir/pico-sdk/src/rp2_common/pico_stdio/stdio.c.o
                0x100018e8                stdio_set_driver_enabled
 .text.stdio_init_all
                0x10001910        0xe CMakeFiles/os_elf.dir/pico-sdk/src/rp2_common/pico_stdio/stdio.c.o
                0x10001910                stdio_init_all
 .text.__wrap_putchar
                0x1000191e       0xa4 CMakeFiles/os_elf.dir/pico-sdk/src/rp2_common/pico_stdio/stdio.c.o
                0x1000191e                stdio_putchar
                0x1000191e                __wrap_putchar
 .text.__wrap_puts
                0x100019c2       0x44 CMakeFiles/os_elf.dir/pico-sdk/src/rp2_common/pico_stdio/stdio.c.o
                0x100019c2                __wrap_puts
                0x100019c2                stdio_puts
 .text.stdio_uart_out_chars
                0x10001a06       0x4a CMakeFiles/os_elf.dir/pico-sdk/src/rp2_common/pico_stdio_uart/stdio_uart.c.o
 .text.stdio_uart_in_chars
                0x10001a50       0x8c CMakeFiles/os_elf.dir/pico-sdk/src/rp2_common/pico_stdio_uart/stdio_uart.c.o
                0x10001a50                stdio_uart_in_chars
 .text.on_uart_rx
                0x10001adc       0x16 CMakeFiles/os_elf.dir/pico-sdk/src/rp2_common/pico_stdio_uart/stdio_uart.c.o
 .text.stdio_uart_out_flush
                0x10001af2        0xc CMakeFiles/os_elf.dir/pico-sdk/src/rp2_common/pico_stdio_uart/stdio_uart.c.o
 .text.stdio_uart_set_chars_available_callback
                0x10001afe       0x92 CMakeFiles/os_elf.dir/pico-sdk/src/rp2_common/pico_stdio_uart/stdio_uart.c.o
 .text.stdio_uart_init
                0x10001b90       0x56 CMakeFiles/os_elf.dir/pico-sdk/src/rp2_common/pico_stdio_uart/stdio_uart.c.o
                0x10001b90                stdio_uart_init
 .text.strlen   0x10001be6       0x64 /opt/homebrew/Cellar/riscv-gnu-toolchain/main/lib/gcc/riscv64-unknown-elf/15.1.0/../../../../riscv64-unknown-elf/lib/rv32imac/ilp32/libc.a(libc_a-strlen.o)
                0x10001be6                strlen
 *(.fini)
 *crtbegin.o(.ctors)
 *crtbegin?.o(.ctors)
 *(EXCLUDE_FILE(*crtend.o *crtend?.o) .ctors)
 *(SORT_BY_NAME(.ctors.*))
 *(.ctors)
 *crtbegin.o(.dtors)
 *crtbegin?.o(.dtors)
 *(EXCLUDE_FILE(*crtend.o *crtend?.o) .dtors)
 *(SORT_BY_NAME(.dtors.*))
 *(.dtors)
                0x10001c4c                        . = ALIGN (0x4)
 *fill*         0x10001c4a        0x2 
                0x10001c4c                        PROVIDE (__preinit_array_start = .)
 *(SORT_BY_NAME(.preinit_array.*))
 .preinit_array.00050
                0x10001c4c        0x4 CMakeFiles/os_elf.dir/pico-sdk/src/rp2_common/pico_runtime_init/runtime_init.c.o
                0x10001c4c                __pre_init_runtime_init_bootrom_reset
 .preinit_array.00100
                0x10001c50        0x4 CMakeFiles/os_elf.dir/pico-sdk/src/rp2_common/pico_runtime_init/runtime_init.c.o
                0x10001c50                __pre_init_runtime_init_early_resets
 .preinit_array.00101
                0x10001c54        0x4 CMakeFiles/os_elf.dir/pico-sdk/src/rp2_common/pico_runtime_init/runtime_init.c.o
                0x10001c54                __pre_init_runtime_init_usb_power_down
 .preinit_array.00500
                0x10001c58        0x4 CMakeFiles/os_elf.dir/pico-sdk/src/rp2_common/pico_runtime_init/runtime_init.c.o
                0x10001c58                __pre_init_runtime_init_clocks
 .preinit_array.00600
                0x10001c5c        0x4 CMakeFiles/os_elf.dir/pico-sdk/src/rp2_common/pico_runtime_init/runtime_init.c.o
                0x10001c5c                __pre_init_runtime_init_post_clock_resets
 .preinit_array.01000
                0x10001c60        0x4 CMakeFiles/os_elf.dir/pico-sdk/src/rp2_common/hardware_boot_lock/boot_lock.c.o
                0x10001c60                __pre_init_runtime_init_boot_locks_reset
 .preinit_array.01000
                0x10001c64        0x4 CMakeFiles/os_elf.dir/pico-sdk/src/rp2_common/pico_runtime_init/runtime_init.c.o
                0x10001c64                __pre_init_runtime_init_spin_locks_reset
 .preinit_array.01010
                0x10001c68        0x4 CMakeFiles/os_elf.dir/pico-sdk/src/rp2_common/pico_bootrom/bootrom_lock.c.o
                0x10001c68                __pre_init_runtime_init_bootrom_locking_enable
 .preinit_array.01100
                0x10001c6c        0x4 CMakeFiles/os_elf.dir/pico-sdk/src/common/pico_sync/mutex.c.o
                0x10001c6c                __pre_init_runtime_init_mutex
 .preinit_array.11000
                0x10001c70        0x4 CMakeFiles/os_elf.dir/pico-sdk/src/common/pico_time/time.c.o
                0x10001c70                __pre_init_runtime_init_default_alarm_pool
 .preinit_array.YYYYY
                0x10001c74        0x4 CMakeFiles/os_elf.dir/pico-sdk/src/rp2_common/pico_runtime/runtime.c.o
                0x10001c74                __pre_init_first_per_core_initializer
 .preinit_array.ZZZZZ.00051
                0x10001c78        0x4 CMakeFiles/os_elf.dir/pico-sdk/src/rp2_common/pico_runtime_init/runtime_init.c.o
                0x10001c78                __pre_init_runtime_init_per_core_bootrom_reset
 .preinit_array.ZZZZZ.00060
                0x10001c7c        0x4 CMakeFiles/os_elf.dir/pico-sdk/src/rp2_common/pico_runtime_init/runtime_init.c.o
                0x10001c7c                __pre_init_runtime_init_per_core_h3_irq_registers
 .preinit_array.ZZZZZ.01200
                0x10001c80        0x4 CMakeFiles/os_elf.dir/pico-sdk/src/rp2_common/hardware_irq/irq.c.o
                0x10001c80                __pre_init_runtime_init_per_core_irq_priorities
 *(.preinit_array)
                0x10001c84                        PROVIDE (__preinit_array_end = .)
                0x10001c84                        . = ALIGN (0x4)
                0x10001c84                        PROVIDE (__init_array_start = .)
 *(SORT_BY_NAME(.init_array.*))
 *(.init_array)
 .init_array    0x10001c84        0x4 /opt/homebrew/Cellar/riscv-gnu-toolchain/main/lib/gcc/riscv64-unknown-elf/15.1.0/rv32imac/ilp32/crtbegin.o
                0x10001c88                        PROVIDE (__init_array_end = .)
                0x10001c88                        . = ALIGN (0x4)
                [!provide]                        PROVIDE (__fini_array_start = .)
 *(SORT_BY_NAME(.fini_array.*))
 *(.fini_array)
                [!provide]                        PROVIDE (__fini_array_end = .)
 *(.eh_frame*)
 .eh_frame      0x10001c88        0x0 /opt/homebrew/Cellar/riscv-gnu-toolchain/main/lib/gcc/riscv64-unknown-elf/15.1.0/rv32imac/ilp32/crtbegin.o
                0x10001c88                        . = ALIGN (0x4)

.boot2          0x10001c88        0x0
                0x10001c88                        __boot2_start__ = .
 *(.boot2)
                0x10001c88                        __boot2_end__ = .
                0x00000001                        ASSERT (((__boot2_end__ - __boot2_start__) <= 0x100), ERROR: Pico second stage bootloader must be no more than 256 bytes in size)

.rodata         0x10001c88      0x13c
 *(EXCLUDE_FILE(*libm.a: *libc.a:*lib_a-mem*.o *libgcc.a:) .rodata*)
 .rodata.main.str1.4
                0x10001c88       0xc8 CMakeFiles/os_elf.dir/src/kernel.c.o
                                 0x19 (size before relaxing)
 .rodata.panic.str1.4
                0x10001d50        0x0 CMakeFiles/os_elf.dir/pico-sdk/src/rp2_common/pico_platform_panic/panic.c.o
                                 0x12 (size before relaxing)
 .rodata.timer_hardware_alarm_claim.str1.4
                0x10001d50        0x0 CMakeFiles/os_elf.dir/pico-sdk/src/rp2_common/hardware_timer/timer.c.o
                                 0x22 (size before relaxing)
 .rodata.hard_assertion_failure.str1.4
                0x10001d50        0x0 CMakeFiles/os_elf.dir/pico-sdk/src/rp2_common/pico_runtime/runtime.c.o
                                  0xc (size before relaxing)
 .rodata.str1.4
                0x10001d50        0x0 CMakeFiles/os_elf.dir/pico-sdk/src/rp2_common/pico_standard_binary_info/standard_binary_info.c.o
                                 0x3c (size before relaxing)
 .rodata.__bi_84
                0x10001d50        0xc CMakeFiles/os_elf.dir/pico-sdk/src/rp2_common/pico_standard_binary_info/standard_binary_info.c.o
 .rodata.__bi_78
                0x10001d5c        0xc CMakeFiles/os_elf.dir/pico-sdk/src/rp2_common/pico_standard_binary_info/standard_binary_info.c.o
 .rodata.__bi_54
                0x10001d68        0xc CMakeFiles/os_elf.dir/pico-sdk/src/rp2_common/pico_standard_binary_info/standard_binary_info.c.o
 .rodata.__bi_48
                0x10001d74        0xc CMakeFiles/os_elf.dir/pico-sdk/src/rp2_common/pico_standard_binary_info/standard_binary_info.c.o
 .rodata.__bi_42
                0x10001d80        0xc CMakeFiles/os_elf.dir/pico-sdk/src/rp2_common/pico_standard_binary_info/standard_binary_info.c.o
 .rodata.__bi_34
                0x10001d8c        0xc CMakeFiles/os_elf.dir/pico-sdk/src/rp2_common/pico_standard_binary_info/standard_binary_info.c.o
 .rodata.__bi_26
                0x10001d98        0xc CMakeFiles/os_elf.dir/pico-sdk/src/rp2_common/pico_standard_binary_info/standard_binary_info.c.o
 .rodata.str1.4
                0x10001da4        0x0 CMakeFiles/os_elf.dir/pico-sdk/src/rp2_common/pico_stdio_uart/stdio_uart.c.o
                                 0x2c (size before relaxing)
 .rodata.__bi_45.4
                0x10001da4        0xc CMakeFiles/os_elf.dir/pico-sdk/src/rp2_common/pico_stdio_uart/stdio_uart.c.o
 *(.srodata*)
 .srodata.crlf_str.0
                0x10001db0        0x2 CMakeFiles/os_elf.dir/pico-sdk/src/rp2_common/pico_stdio/stdio.c.o
 *fill*         0x10001db2        0x2 
 .srodata.__bi_49.5
                0x10001db4        0x8 CMakeFiles/os_elf.dir/pico-sdk/src/rp2_common/pico_stdio_uart/stdio_uart.c.o
 .srodata.__bi_50.6
                0x10001dbc        0x8 CMakeFiles/os_elf.dir/pico-sdk/src/rp2_common/pico_stdio_uart/stdio_uart.c.o
                0x10001dc4                        . = ALIGN (0x4)
 *(SORT_BY_ALIGNMENT(SORT_BY_NAME(.flashdata*)))
                0x10001dc4                        . = ALIGN (0x4)

.ARM.extab
 *(.ARM.extab* .gnu.linkonce.armextab.*)
                0x10001dc4                        __exidx_start = .

.ARM.exidx
 *(.ARM.exidx* .gnu.linkonce.armexidx.*)
                0x10001dc4                        __exidx_end = .
                0x10001dc4                        . = ALIGN (0x4)
                0x10001dc4                        __binary_info_start = .

.binary_info    0x10001dc4       0x28
 *(.binary_info.keep.*)
 .binary_info.keep.__bi_ptr84
                0x10001dc4        0x4 CMakeFiles/os_elf.dir/pico-sdk/src/rp2_common/pico_standard_binary_info/standard_binary_info.c.o
 .binary_info.keep.__bi_ptr78
                0x10001dc8        0x4 CMakeFiles/os_elf.dir/pico-sdk/src/rp2_common/pico_standard_binary_info/standard_binary_info.c.o
 .binary_info.keep.__bi_ptr54
                0x10001dcc        0x4 CMakeFiles/os_elf.dir/pico-sdk/src/rp2_common/pico_standard_binary_info/standard_binary_info.c.o
 .binary_info.keep.__bi_ptr48
                0x10001dd0        0x4 CMakeFiles/os_elf.dir/pico-sdk/src/rp2_common/pico_standard_binary_info/standard_binary_info.c.o
 .binary_info.keep.__bi_ptr42
                0x10001dd4        0x4 CMakeFiles/os_elf.dir/pico-sdk/src/rp2_common/pico_standard_binary_info/standard_binary_info.c.o
 .binary_info.keep.__bi_ptr34
                0x10001dd8        0x4 CMakeFiles/os_elf.dir/pico-sdk/src/rp2_common/pico_standard_binary_info/standard_binary_info.c.o
 .binary_info.keep.__bi_ptr26
                0x10001ddc        0x4 CMakeFiles/os_elf.dir/pico-sdk/src/rp2_common/pico_standard_binary_info/standard_binary_info.c.o
 *(.binary_info.*)
 .binary_info.__bi_ptr50
                0x10001de0        0x4 CMakeFiles/os_elf.dir/pico-sdk/src/rp2_common/pico_stdio_uart/stdio_uart.c.o
 .binary_info.__bi_ptr49
                0x10001de4        0x4 CMakeFiles/os_elf.dir/pico-sdk/src/rp2_common/pico_stdio_uart/stdio_uart.c.o
 .binary_info.__bi_ptr45
                0x10001de8        0x4 CMakeFiles/os_elf.dir/pico-sdk/src/rp2_common/pico_stdio_uart/stdio_uart.c.o
                0x10001dec                        __binary_info_end = .
                0x10001dec                        . = ALIGN (0x4)

.ram_vector_table
 *(.ram_vector_table)

.uninitialized_data
                0x20000000        0x0
                0x20000000                        . = ALIGN (0x4)
 *(.uninitialized_data*)

.data           0x20000000      0x38c load address 0x10001dec
                0x20000000                        __data_start__ = .
 *(vtable)
 *(.time_critical*)
 .time_critical.mutex_enter_block_until
                0x20000000       0x90 CMakeFiles/os_elf.dir/pico-sdk/src/common/pico_sync/mutex.c.o
                0x20000000                mutex_enter_block_until
 .time_critical.mutex_try_enter_block_until
                0x20000090       0x6a CMakeFiles/os_elf.dir/pico-sdk/src/common/pico_sync/mutex.c.o
                0x20000090                mutex_try_enter_block_until
 .time_critical.mutex_exit
                0x200000fa       0x38 CMakeFiles/os_elf.dir/pico-sdk/src/common/pico_sync/mutex.c.o
                0x200000fa                mutex_exit
 *(.text*)
                0x20000134                        . = ALIGN (0x4)
 *fill*         0x20000132        0x2 
 *(.rodata*)
                0x20000134                        . = ALIGN (0x4)
 *(.data*)
 .data          0x20000134       0x4a CMakeFiles/os_elf.dir/pico-sdk/src/rp2_common/hardware_irq/irq_handler_chain.S.o
                0x20000134                irq_handler_chain_slots
                0x20000164                irq_handler_chain_first_slot
                0x20000170                irq_handler_chain_remove_tail
 *fill*         0x2000017e        0x2 
 .data.default_alarm_pool
                0x20000180       0x18 CMakeFiles/os_elf.dir/pico-sdk/src/common/pico_time/time.c.o
 *fill*         0x20000198       0x28 
 .data          0x200001c0      0x1a8 CMakeFiles/os_elf.dir/pico-sdk/src/rp2_common/pico_crt0/crt0_riscv.S.o
                0x200001c0                __VECTOR_TABLE
                0x200001c0                __vectors
                0x200001ec                isr_riscv_machine_external_irq
                0x20000290                __soft_vector_table
                0x20000360                isr_riscv_machine_exception
                0x20000360                __default_isrs_start
                0x20000360                isr_riscv_machine_timer
                0x20000362                isr_riscv_machine_soft_irq
                0x20000364                unhandled_user_irq_num_in_a0
                0x20000364                isr_irqIRQN
                0x20000364                __unhandled_user_irq
                0x20000368                __default_isrs_end
 .data.stdio_uart
                0x20000368       0x18 CMakeFiles/os_elf.dir/pico-sdk/src/rp2_common/pico_stdio_uart/stdio_uart.c.o
                0x20000368                stdio_uart
 *(.sdata*)
 .sdata.striped_spin_lock_num
                0x20000380        0x1 CMakeFiles/os_elf.dir/pico-sdk/src/rp2_common/hardware_sync/sync.c.o
                0x20000384                        . = ALIGN (0x4)
 *fill*         0x20000381        0x3 
 *(.after_data.*)
                0x20000384                        . = ALIGN (0x4)
                0x20000384                        PROVIDE (__mutex_array_start = .)
 *(SORT_BY_NAME(.mutex_array.*))
 *(.mutex_array)
 .mutex_array   0x20000384        0x8 CMakeFiles/os_elf.dir/pico-sdk/src/rp2_common/pico_stdio/stdio.c.o
                0x2000038c                        PROVIDE (__mutex_array_end = .)
 *(.jcr)
                0x2000038c                        . = ALIGN (0x4)

.tdata          0x2000038c        0x0 load address 0x10002178
                0x2000038c                        . = ALIGN (0x4)
 *(.tdata .tdata.* .gnu.linkonce.td.*)
                0x2000038c                        __tdata_end = .
                0x2000038c                        PROVIDE (__data_end__ = .)
                0x10001dec                        __etext = LOADADDR (.data)

.tbss           0x2000038c        0x0 load address 0x10002178
                0x2000038c                        . = ALIGN (0x4)
                0x2000038c                        __bss_start__ = .
                0x2000038c                        __tls_base = .
 *(.tbss .tbss.* .gnu.linkonce.tb.*)
 *(.tcommon)
                0x2000038c                        __tls_end = .

.bss            0x20000390      0x22c load address 0x10002178
                0x20000390                        . = ALIGN (0x4)
                0x20000390                        __tbss_end = .
 *(SORT_BY_ALIGNMENT(SORT_BY_NAME(.bss*)))
 .bss.default_alarm_pool_entries
                0x20000390      0x180 CMakeFiles/os_elf.dir/pico-sdk/src/common/pico_time/time.c.o
 .bss           0x20000510       0x1c /opt/homebrew/Cellar/riscv-gnu-toolchain/main/lib/gcc/riscv64-unknown-elf/15.1.0/rv32imac/ilp32/crtbegin.o
 .bss._sw_spin_locks
                0x2000052c       0x20 CMakeFiles/os_elf.dir/pico-sdk/src/rp2_common/hardware_sync_spin_lock/sync_spin_lock.c.o
                0x2000052c                _sw_spin_locks
 .bss.configured_freq
                0x2000054c       0x28 CMakeFiles/os_elf.dir/pico-sdk/src/rp2_common/hardware_clocks/clocks.c.o
 .bss.pools     0x20000574       0x20 CMakeFiles/os_elf.dir/pico-sdk/src/common/pico_time/time.c.o
 *(COMMON)
                0x20000d94                        PROVIDE (__global_pointer$ = (. + 0x800))
 *(.sbss*)
 .sbss.irq_handler_chain_free_slot_head
                0x20000594        0x1 CMakeFiles/os_elf.dir/pico-sdk/src/rp2_common/hardware_irq/irq.c.o
 *fill*         0x20000595        0x3 
 .sbss.sleep_notifier
                0x20000598        0x4 CMakeFiles/os_elf.dir/pico-sdk/src/common/pico_time/time.c.o
 .sbss.claimed  0x2000059c        0x2 CMakeFiles/os_elf.dir/pico-sdk/src/rp2_common/hardware_timer/timer.c.o
 *fill*         0x2000059e        0x2 
 .sbss.uart_char_to_line_feed
                0x200005a0        0x4 CMakeFiles/os_elf.dir/pico-sdk/src/rp2_common/hardware_uart/uart.c.o
                0x200005a0                uart_char_to_line_feed
 .sbss.lazy_vsnprintf
                0x200005a4        0x4 CMakeFiles/os_elf.dir/pico-sdk/src/rp2_common/pico_printf/printf.c.o
 .sbss.filter   0x200005a8        0x4 CMakeFiles/os_elf.dir/pico-sdk/src/rp2_common/pico_stdio/stdio.c.o
 .sbss.drivers  0x200005ac        0x4 CMakeFiles/os_elf.dir/pico-sdk/src/rp2_common/pico_stdio/stdio.c.o
 .sbss.chars_available_param
                0x200005b0        0x4 CMakeFiles/os_elf.dir/pico-sdk/src/rp2_common/pico_stdio_uart/stdio_uart.c.o
 .sbss.chars_available_callback
                0x200005b4        0x4 CMakeFiles/os_elf.dir/pico-sdk/src/rp2_common/pico_stdio_uart/stdio_uart.c.o
 .sbss.uart_instance
                0x200005b8        0x4 CMakeFiles/os_elf.dir/pico-sdk/src/rp2_common/pico_stdio_uart/stdio_uart.c.o
                0x200005bc                        . = ALIGN (0x4)
                0x200005bc                        __bss_end__ = .

.heap           0x200005bc      0x800 load address 0x10002178
                0x200005bc                        __end__ = .
                0x200005bc                        end = __end__
 *(.heap*)
 .heap          0x200005bc      0x800 CMakeFiles/os_elf.dir/pico-sdk/src/rp2_common/pico_crt0/crt0_riscv.S.o
                0x20080000                        __HeapLimit = (ORIGIN (RAM) + LENGTH (RAM))

.scratch_x      0x20080000        0x0 load address 0x10002178
                0x20080000                        __scratch_x_start__ = .
 *(.scratch_x.*)
                0x20080000                        . = ALIGN (0x4)
                0x20080000                        __scratch_x_end__ = .
                0x10002178                        __scratch_x_source__ = LOADADDR (.scratch_x)

.scratch_y      0x20081000        0x0 load address 0x10002178
                0x20081000                        __scratch_y_start__ = .
 *(.scratch_y.*)
                0x20081000                        . = ALIGN (0x4)
                0x20081000                        __scratch_y_end__ = .
                0x10002178                        __scratch_y_source__ = LOADADDR (.scratch_y)

.stack1_dummy
 *(.stack1*)

.stack_dummy    0x20081000      0x800
 *(.stack*)
 .stack         0x20081000      0x800 CMakeFiles/os_elf.dir/pico-sdk/src/rp2_common/pico_crt0/crt0_riscv.S.o

.flash_end      0x10002178       0x14
 *(.embedded_end_block*)
 .embedded_end_block
                0x10002178       0x14 CMakeFiles/os_elf.dir/pico-sdk/src/rp2_common/pico_crt0/crt0_riscv.S.o
                0x1000218c                        PROVIDE (__flash_binary_end = .)
                0x20080000                        __StackLimit = (ORIGIN (RAM) + LENGTH (RAM))
                0x20081000                        __StackOneTop = (ORIGIN (SCRATCH_X) + LENGTH (SCRATCH_X))
                0x20082000                        __StackTop = (ORIGIN (SCRATCH_Y) + LENGTH (SCRATCH_Y))
                0x20081000                        __StackOneBottom = (__StackOneTop - SIZEOF (.stack1_dummy))
                0x20081800                        __StackBottom = (__StackTop - SIZEOF (.stack_dummy))
                [!provide]                        PROVIDE (__stack = __StackTop)
                [!provide]                        PROVIDE (__heap_start = __end__)
                [!provide]                        PROVIDE (__heap_end = __HeapLimit)
                [!provide]                        PROVIDE (__tls_align = MAX (ALIGNOF (.tdata), ALIGNOF (.tbss)))
                [!provide]                        PROVIDE (__tls_size_align = (((__tls_size + __tls_align) - 0x1) & ~ ((__tls_align - 0x1))))
                [!provide]                        PROVIDE (__arm32_tls_tcb_offset = MAX (0x8, __tls_align))
                0x200005bc                        PROVIDE (_end = __end__)
                [!provide]                        PROVIDE (__llvm_libc_heap_limit = __HeapLimit)
                0x00000001                        ASSERT ((__StackLimit >= __HeapLimit), region RAM overflowed)
                0x00000001                        ASSERT (((__binary_info_header_end - __logical_binary_start) <= 0x400), Binary info must be in first 1024 bytes of the binary)
                0x00000001                        ASSERT (((__embedded_block_end - __logical_binary_start) <= 0x1000), Embedded block must be in first 4096 bytes of the binary)
LOAD CMakeFiles/os_elf.dir/src/asm/trap.S.o
LOAD CMakeFiles/os_elf.dir/src/init/shell/shell.c.o
LOAD CMakeFiles/os_elf.dir/src/kernel.c.o
LOAD CMakeFiles/os_elf.dir/src/mm/kmalloc/kmalloc.c.o
LOAD CMakeFiles/os_elf.dir/src/mm/pages/page.c.o
LOAD CMakeFiles/os_elf.dir/src/trap/trap.c.o
LOAD CMakeFiles/os_elf.dir/src/uart/uart.c.o
LOAD CMakeFiles/os_elf.dir/pico-sdk/src/rp2_common/pico_stdlib/stdlib.c.o
LOAD CMakeFiles/os_elf.dir/pico-sdk/src/rp2_common/hardware_gpio/gpio.c.o
LOAD CMakeFiles/os_elf.dir/pico-sdk/src/rp2350/pico_platform/platform.c.o
LOAD CMakeFiles/os_elf.dir/pico-sdk/src/rp2_common/pico_platform_common/common.c.o
LOAD CMakeFiles/os_elf.dir/pico-sdk/src/rp2_common/pico_platform_panic/panic.c.o
LOAD CMakeFiles/os_elf.dir/pico-sdk/src/common/hardware_claim/claim.c.o
LOAD CMakeFiles/os_elf.dir/pico-sdk/src/rp2_common/hardware_sync/sync.c.o
LOAD CMakeFiles/os_elf.dir/pico-sdk/src/rp2_common/hardware_sync_spin_lock/sync_spin_lock.c.o
LOAD CMakeFiles/os_elf.dir/pico-sdk/src/rp2_common/hardware_irq/irq.c.o
LOAD CMakeFiles/os_elf.dir/pico-sdk/src/rp2_common/hardware_irq/irq_handler_chain.S.o
LOAD CMakeFiles/os_elf.dir/pico-sdk/src/common/pico_sync/sem.c.o
LOAD CMakeFiles/os_elf.dir/pico-sdk/src/common/pico_sync/lock_core.c.o
LOAD CMakeFiles/os_elf.dir/pico-sdk/src/common/pico_sync/mutex.c.o
LOAD CMakeFiles/os_elf.dir/pico-sdk/src/common/pico_sync/critical_section.c.o
LOAD CMakeFiles/os_elf.dir/pico-sdk/src/common/pico_time/time.c.o
LOAD CMakeFiles/os_elf.dir/pico-sdk/src/common/pico_time/timeout_helper.c.o
LOAD CMakeFiles/os_elf.dir/pico-sdk/src/rp2_common/hardware_timer/timer.c.o
LOAD CMakeFiles/os_elf.dir/pico-sdk/src/common/pico_util/datetime.c.o
LOAD CMakeFiles/os_elf.dir/pico-sdk/src/common/pico_util/pheap.c.o
LOAD CMakeFiles/os_elf.dir/pico-sdk/src/common/pico_util/queue.c.o
LOAD CMakeFiles/os_elf.dir/pico-sdk/src/rp2_common/hardware_uart/uart.c.o
LOAD CMakeFiles/os_elf.dir/pico-sdk/src/rp2_common/hardware_clocks/clocks.c.o
LOAD CMakeFiles/os_elf.dir/pico-sdk/src/rp2_common/hardware_pll/pll.c.o
LOAD CMakeFiles/os_elf.dir/pico-sdk/src/rp2_common/hardware_vreg/vreg.c.o
LOAD CMakeFiles/os_elf.dir/pico-sdk/src/rp2_common/hardware_watchdog/watchdog.c.o
LOAD CMakeFiles/os_elf.dir/pico-sdk/src/rp2_common/hardware_ticks/ticks.c.o
LOAD CMakeFiles/os_elf.dir/pico-sdk/src/rp2_common/pico_bootrom/bootrom.c.o
LOAD CMakeFiles/os_elf.dir/pico-sdk/src/rp2_common/pico_bootrom/bootrom_lock.c.o
LOAD CMakeFiles/os_elf.dir/pico-sdk/src/rp2_common/hardware_boot_lock/boot_lock.c.o
LOAD CMakeFiles/os_elf.dir/pico-sdk/src/rp2_common/pico_flash/flash.c.o
LOAD CMakeFiles/os_elf.dir/pico-sdk/src/rp2_common/hardware_xosc/xosc.c.o
LOAD CMakeFiles/os_elf.dir/pico-sdk/src/rp2_common/hardware_divider/divider.c.o
LOAD CMakeFiles/os_elf.dir/pico-sdk/src/rp2_common/pico_runtime/runtime.c.o
LOAD CMakeFiles/os_elf.dir/pico-sdk/src/rp2_common/pico_runtime_init/runtime_init.c.o
LOAD CMakeFiles/os_elf.dir/pico-sdk/src/rp2_common/pico_runtime_init/runtime_init_clocks.c.o
LOAD CMakeFiles/os_elf.dir/pico-sdk/src/rp2_common/pico_runtime_init/runtime_init_stack_guard.c.o
LOAD CMakeFiles/os_elf.dir/pico-sdk/src/rp2_common/pico_bit_ops/bit_ops_aeabi.S.o
LOAD CMakeFiles/os_elf.dir/pico-sdk/src/rp2_common/pico_divider/divider_compiler.c.o
LOAD CMakeFiles/os_elf.dir/pico-sdk/src/rp2_common/pico_float/float_single_hazard3.S.o
LOAD CMakeFiles/os_elf.dir/pico-sdk/src/rp2_common/pico_malloc/malloc.c.o
LOAD CMakeFiles/os_elf.dir/pico-sdk/src/rp2_common/pico_atomic/atomic.c.o
LOAD CMakeFiles/os_elf.dir/pico-sdk/src/rp2_common/pico_cxx_options/new_delete.cpp.o
LOAD CMakeFiles/os_elf.dir/pico-sdk/src/rp2_common/pico_standard_binary_info/standard_binary_info.c.o
LOAD CMakeFiles/os_elf.dir/pico-sdk/src/rp2_common/pico_printf/printf.c.o
LOAD CMakeFiles/os_elf.dir/pico-sdk/src/rp2_common/pico_crt0/crt0_riscv.S.o
LOAD CMakeFiles/os_elf.dir/pico-sdk/src/rp2_common/pico_clib_interface/newlib_interface.c.o
LOAD CMakeFiles/os_elf.dir/pico-sdk/src/rp2_common/pico_stdio/stdio.c.o
LOAD CMakeFiles/os_elf.dir/pico-sdk/src/rp2_common/pico_stdio_uart/stdio_uart.c.o
LOAD pico-sdk/src/rp2350/boot_stage2/CMakeFiles/bs2_default_library.dir/bs2_default_padded_checksummed.S.o
LOAD /opt/homebrew/Cellar/riscv-gnu-toolchain/main/lib/gcc/riscv64-unknown-elf/15.1.0/../../../../riscv64-unknown-elf/lib/rv32imac/ilp32/libstdc++.a
LOAD /opt/homebrew/Cellar/riscv-gnu-toolchain/main/lib/gcc/riscv64-unknown-elf/15.1.0/../../../../riscv64-unknown-elf/lib/rv32imac/ilp32/libm.a
LOAD /opt/homebrew/Cellar/riscv-gnu-toolchain/main/lib/gcc/riscv64-unknown-elf/15.1.0/rv32imac/ilp32/libgcc.a
START GROUP
LOAD /opt/homebrew/Cellar/riscv-gnu-toolchain/main/lib/gcc/riscv64-unknown-elf/15.1.0/../../../../riscv64-unknown-elf/lib/rv32imac/ilp32/libc.a
END GROUP
LOAD /opt/homebrew/Cellar/riscv-gnu-toolchain/main/lib/gcc/riscv64-unknown-elf/15.1.0/rv32imac/ilp32/libgcc.a
START GROUP
LOAD /opt/homebrew/Cellar/riscv-gnu-toolchain/main/lib/gcc/riscv64-unknown-elf/15.1.0/rv32imac/ilp32/libgcc.a
LOAD /opt/homebrew/Cellar/riscv-gnu-toolchain/main/lib/gcc/riscv64-unknown-elf/15.1.0/../../../../riscv64-unknown-elf/lib/rv32imac/ilp32/libc.a
LOAD /opt/homebrew/Cellar/riscv-gnu-toolchain/main/lib/gcc/riscv64-unknown-elf/15.1.0/../../../../riscv64-unknown-elf/lib/rv32imac/ilp32/libnosys.a
END GROUP
LOAD /opt/homebrew/Cellar/riscv-gnu-toolchain/main/lib/gcc/riscv64-unknown-elf/15.1.0/rv32imac/ilp32/crtend.o
OUTPUT(/Users/architanant/Documents/my_riscv_os/os_elf.elf elf32-littleriscv)

.rela.dyn       0x1000218c        0x0
 .rela.text     0x1000218c        0x0 /opt/homebrew/Cellar/riscv-gnu-toolchain/main/lib/gcc/riscv64-unknown-elf/15.1.0/rv32imac/ilp32/crtbegin.o
 .rela.preinit_array.ZZZZZ.01200
                0x1000218c        0x0 /opt/homebrew/Cellar/riscv-gnu-toolchain/main/lib/gcc/riscv64-unknown-elf/15.1.0/rv32imac/ilp32/crtbegin.o
 .rela.text.runtime_init_mutex
                0x1000218c        0x0 /opt/homebrew/Cellar/riscv-gnu-toolchain/main/lib/gcc/riscv64-unknown-elf/15.1.0/rv32imac/ilp32/crtbegin.o
 .rela.preinit_array.01100
                0x1000218c        0x0 /opt/homebrew/Cellar/riscv-gnu-toolchain/main/lib/gcc/riscv64-unknown-elf/15.1.0/rv32imac/ilp32/crtbegin.o
 .rela.preinit_array.11000
                0x1000218c        0x0 /opt/homebrew/Cellar/riscv-gnu-toolchain/main/lib/gcc/riscv64-unknown-elf/15.1.0/rv32imac/ilp32/crtbegin.o
 .rela.preinit_array.01010
                0x1000218c        0x0 /opt/homebrew/Cellar/riscv-gnu-toolchain/main/lib/gcc/riscv64-unknown-elf/15.1.0/rv32imac/ilp32/crtbegin.o
 .rela.preinit_array.01000
                0x1000218c        0x0 /opt/homebrew/Cellar/riscv-gnu-toolchain/main/lib/gcc/riscv64-unknown-elf/15.1.0/rv32imac/ilp32/crtbegin.o
 .rela.text.runtime_run_initializers
                0x1000218c        0x0 /opt/homebrew/Cellar/riscv-gnu-toolchain/main/lib/gcc/riscv64-unknown-elf/15.1.0/rv32imac/ilp32/crtbegin.o
 .rela.preinit_array.00600
                0x1000218c        0x0 /opt/homebrew/Cellar/riscv-gnu-toolchain/main/lib/gcc/riscv64-unknown-elf/15.1.0/rv32imac/ilp32/crtbegin.o
 .rela.preinit_array.00500
                0x1000218c        0x0 /opt/homebrew/Cellar/riscv-gnu-toolchain/main/lib/gcc/riscv64-unknown-elf/15.1.0/rv32imac/ilp32/crtbegin.o
 .rela.preinit_array.00101
                0x1000218c        0x0 /opt/homebrew/Cellar/riscv-gnu-toolchain/main/lib/gcc/riscv64-unknown-elf/15.1.0/rv32imac/ilp32/crtbegin.o
 .rela.preinit_array.00100
                0x1000218c        0x0 /opt/homebrew/Cellar/riscv-gnu-toolchain/main/lib/gcc/riscv64-unknown-elf/15.1.0/rv32imac/ilp32/crtbegin.o
 .rela.preinit_array.ZZZZZ.00051
                0x1000218c        0x0 /opt/homebrew/Cellar/riscv-gnu-toolchain/main/lib/gcc/riscv64-unknown-elf/15.1.0/rv32imac/ilp32/crtbegin.o
 .rela.preinit_array.00050
                0x1000218c        0x0 /opt/homebrew/Cellar/riscv-gnu-toolchain/main/lib/gcc/riscv64-unknown-elf/15.1.0/rv32imac/ilp32/crtbegin.o
 .rela.rodata.__bi_26
                0x1000218c        0x0 /opt/homebrew/Cellar/riscv-gnu-toolchain/main/lib/gcc/riscv64-unknown-elf/15.1.0/rv32imac/ilp32/crtbegin.o
 .rela.data     0x1000218c        0x0 /opt/homebrew/Cellar/riscv-gnu-toolchain/main/lib/gcc/riscv64-unknown-elf/15.1.0/rv32imac/ilp32/crtbegin.o
 .rela.binary_info_header
                0x1000218c        0x0 /opt/homebrew/Cellar/riscv-gnu-toolchain/main/lib/gcc/riscv64-unknown-elf/15.1.0/rv32imac/ilp32/crtbegin.o
 .rela.reset    0x1000218c        0x0 /opt/homebrew/Cellar/riscv-gnu-toolchain/main/lib/gcc/riscv64-unknown-elf/15.1.0/rv32imac/ilp32/crtbegin.o
 .rela.text.runtime_init
                0x1000218c        0x0 /opt/homebrew/Cellar/riscv-gnu-toolchain/main/lib/gcc/riscv64-unknown-elf/15.1.0/rv32imac/ilp32/crtbegin.o

.comment        0x00000000       0x2b
 .comment       0x00000000       0x2b /opt/homebrew/Cellar/riscv-gnu-toolchain/main/lib/gcc/riscv64-unknown-elf/15.1.0/rv32imac/ilp32/crtbegin.o
                                 0x1a (size before relaxing)
 .comment       0x0000002b        0x0 CMakeFiles/os_elf.dir/src/kernel.c.o
                                 0x1a (size before relaxing)
 .comment       0x0000002b        0x0 CMakeFiles/os_elf.dir/src/uart/uart.c.o
                                 0x1a (size before relaxing)
 .comment       0x0000002b        0x0 CMakeFiles/os_elf.dir/pico-sdk/src/rp2_common/hardware_gpio/gpio.c.o
                                 0x1a (size before relaxing)
 .comment       0x0000002b        0x0 CMakeFiles/os_elf.dir/pico-sdk/src/rp2_common/pico_platform_panic/panic.c.o
                                 0x1a (size before relaxing)
 .comment       0x0000002b        0x0 CMakeFiles/os_elf.dir/pico-sdk/src/common/hardware_claim/claim.c.o
                                 0x1a (size before relaxing)
 .comment       0x0000002b        0x0 CMakeFiles/os_elf.dir/pico-sdk/src/rp2_common/hardware_sync/sync.c.o
                                 0x1a (size before relaxing)
 .comment       0x0000002b        0x0 CMakeFiles/os_elf.dir/pico-sdk/src/rp2_common/hardware_sync_spin_lock/sync_spin_lock.c.o
                                 0x1a (size before relaxing)
 .comment       0x0000002b        0x0 CMakeFiles/os_elf.dir/pico-sdk/src/rp2_common/hardware_irq/irq.c.o
                                 0x1a (size before relaxing)
 .comment       0x0000002b        0x0 CMakeFiles/os_elf.dir/pico-sdk/src/common/pico_sync/lock_core.c.o
                                 0x1a (size before relaxing)
 .comment       0x0000002b        0x0 CMakeFiles/os_elf.dir/pico-sdk/src/common/pico_sync/mutex.c.o
                                 0x1a (size before relaxing)
 .comment       0x0000002b        0x0 CMakeFiles/os_elf.dir/pico-sdk/src/common/pico_time/time.c.o
                                 0x1a (size before relaxing)
 .comment       0x0000002b        0x0 CMakeFiles/os_elf.dir/pico-sdk/src/rp2_common/hardware_timer/timer.c.o
                                 0x1a (size before relaxing)
 .comment       0x0000002b        0x0 CMakeFiles/os_elf.dir/pico-sdk/src/rp2_common/hardware_uart/uart.c.o
                                 0x1a (size before relaxing)
 .comment       0x0000002b        0x0 CMakeFiles/os_elf.dir/pico-sdk/src/rp2_common/hardware_clocks/clocks.c.o
                                 0x1a (size before relaxing)
 .comment       0x0000002b        0x0 CMakeFiles/os_elf.dir/pico-sdk/src/rp2_common/hardware_pll/pll.c.o
                                 0x1a (size before relaxing)
 .comment       0x0000002b        0x0 CMakeFiles/os_elf.dir/pico-sdk/src/rp2_common/hardware_ticks/ticks.c.o
                                 0x1a (size before relaxing)
 .comment       0x0000002b        0x0 CMakeFiles/os_elf.dir/pico-sdk/src/rp2_common/pico_bootrom/bootrom.c.o
                                 0x1a (size before relaxing)
 .comment       0x0000002b        0x0 CMakeFiles/os_elf.dir/pico-sdk/src/rp2_common/pico_bootrom/bootrom_lock.c.o
                                 0x1a (size before relaxing)
 .comment       0x0000002b        0x0 CMakeFiles/os_elf.dir/pico-sdk/src/rp2_common/hardware_boot_lock/boot_lock.c.o
                                 0x1a (size before relaxing)
 .comment       0x0000002b        0x0 CMakeFiles/os_elf.dir/pico-sdk/src/rp2_common/hardware_xosc/xosc.c.o
                                 0x1a (size before relaxing)
 .comment       0x0000002b        0x0 CMakeFiles/os_elf.dir/pico-sdk/src/rp2_common/pico_runtime/runtime.c.o
                                 0x1a (size before relaxing)
 .comment       0x0000002b        0x0 CMakeFiles/os_elf.dir/pico-sdk/src/rp2_common/pico_runtime_init/runtime_init.c.o
                                 0x1a (size before relaxing)
 .comment       0x0000002b        0x0 CMakeFiles/os_elf.dir/pico-sdk/src/rp2_common/pico_runtime_init/runtime_init_clocks.c.o
                                 0x1a (size before relaxing)
 .comment       0x0000002b        0x0 CMakeFiles/os_elf.dir/pico-sdk/src/rp2_common/pico_standard_binary_info/standard_binary_info.c.o
                                 0x1a (size before relaxing)
 .comment       0x0000002b        0x0 CMakeFiles/os_elf.dir/pico-sdk/src/rp2_common/pico_printf/printf.c.o
                                 0x1a (size before relaxing)
 .comment       0x0000002b        0x0 CMakeFiles/os_elf.dir/pico-sdk/src/rp2_common/pico_clib_interface/newlib_interface.c.o
                                 0x1a (size before relaxing)
 .comment       0x0000002b        0x0 CMakeFiles/os_elf.dir/pico-sdk/src/rp2_common/pico_stdio/stdio.c.o
                                 0x1a (size before relaxing)
 .comment       0x0000002b        0x0 CMakeFiles/os_elf.dir/pico-sdk/src/rp2_common/pico_stdio_uart/stdio_uart.c.o
                                 0x1a (size before relaxing)
 .comment       0x0000002b        0x0 /opt/homebrew/Cellar/riscv-gnu-toolchain/main/lib/gcc/riscv64-unknown-elf/15.1.0/../../../../riscv64-unknown-elf/lib/rv32imac/ilp32/libc.a(libc_a-strlen.o)
                                 0x13 (size before relaxing)

.note.GNU-stack
                0x00000000        0x0
 .note.GNU-stack
                0x00000000        0x0 /opt/homebrew/Cellar/riscv-gnu-toolchain/main/lib/gcc/riscv64-unknown-elf/15.1.0/rv32imac/ilp32/crtbegin.o
 .note.GNU-stack
                0x00000000        0x0 CMakeFiles/os_elf.dir/src/kernel.c.o
 .note.GNU-stack
                0x00000000        0x0 CMakeFiles/os_elf.dir/src/uart/uart.c.o
 .note.GNU-stack
                0x00000000        0x0 CMakeFiles/os_elf.dir/pico-sdk/src/rp2_common/hardware_gpio/gpio.c.o
 .note.GNU-stack
                0x00000000        0x0 CMakeFiles/os_elf.dir/pico-sdk/src/rp2_common/pico_platform_panic/panic.c.o
 .note.GNU-stack
                0x00000000        0x0 CMakeFiles/os_elf.dir/pico-sdk/src/common/hardware_claim/claim.c.o
 .note.GNU-stack
                0x00000000        0x0 CMakeFiles/os_elf.dir/pico-sdk/src/rp2_common/hardware_sync/sync.c.o
 .note.GNU-stack
                0x00000000        0x0 CMakeFiles/os_elf.dir/pico-sdk/src/rp2_common/hardware_sync_spin_lock/sync_spin_lock.c.o
 .note.GNU-stack
                0x00000000        0x0 CMakeFiles/os_elf.dir/pico-sdk/src/rp2_common/hardware_irq/irq.c.o
 .note.GNU-stack
                0x00000000        0x0 CMakeFiles/os_elf.dir/pico-sdk/src/common/pico_sync/lock_core.c.o
 .note.GNU-stack
                0x00000000        0x0 CMakeFiles/os_elf.dir/pico-sdk/src/common/pico_sync/mutex.c.o
 .note.GNU-stack
                0x00000000        0x0 CMakeFiles/os_elf.dir/pico-sdk/src/common/pico_time/time.c.o
 .note.GNU-stack
                0x00000000        0x0 CMakeFiles/os_elf.dir/pico-sdk/src/rp2_common/hardware_timer/timer.c.o
 .note.GNU-stack
                0x00000000        0x0 CMakeFiles/os_elf.dir/pico-sdk/src/rp2_common/hardware_uart/uart.c.o
 .note.GNU-stack
                0x00000000        0x0 CMakeFiles/os_elf.dir/pico-sdk/src/rp2_common/hardware_clocks/clocks.c.o
 .note.GNU-stack
                0x00000000        0x0 CMakeFiles/os_elf.dir/pico-sdk/src/rp2_common/hardware_pll/pll.c.o
 .note.GNU-stack
                0x00000000        0x0 CMakeFiles/os_elf.dir/pico-sdk/src/rp2_common/hardware_ticks/ticks.c.o
 .note.GNU-stack
                0x00000000        0x0 CMakeFiles/os_elf.dir/pico-sdk/src/rp2_common/pico_bootrom/bootrom.c.o
 .note.GNU-stack
                0x00000000        0x0 CMakeFiles/os_elf.dir/pico-sdk/src/rp2_common/pico_bootrom/bootrom_lock.c.o
 .note.GNU-stack
                0x00000000        0x0 CMakeFiles/os_elf.dir/pico-sdk/src/rp2_common/hardware_boot_lock/boot_lock.c.o
 .note.GNU-stack
                0x00000000        0x0 CMakeFiles/os_elf.dir/pico-sdk/src/rp2_common/hardware_xosc/xosc.c.o
 .note.GNU-stack
                0x00000000        0x0 CMakeFiles/os_elf.dir/pico-sdk/src/rp2_common/pico_runtime/runtime.c.o
 .note.GNU-stack
                0x00000000        0x0 CMakeFiles/os_elf.dir/pico-sdk/src/rp2_common/pico_runtime_init/runtime_init.c.o
 .note.GNU-stack
                0x00000000        0x0 CMakeFiles/os_elf.dir/pico-sdk/src/rp2_common/pico_runtime_init/runtime_init_clocks.c.o
 .note.GNU-stack
                0x00000000        0x0 CMakeFiles/os_elf.dir/pico-sdk/src/rp2_common/pico_standard_binary_info/standard_binary_info.c.o
 .note.GNU-stack
                0x00000000        0x0 CMakeFiles/os_elf.dir/pico-sdk/src/rp2_common/pico_printf/printf.c.o
 .note.GNU-stack
                0x00000000        0x0 CMakeFiles/os_elf.dir/pico-sdk/src/rp2_common/pico_clib_interface/newlib_interface.c.o
 .note.GNU-stack
                0x00000000        0x0 CMakeFiles/os_elf.dir/pico-sdk/src/rp2_common/pico_stdio/stdio.c.o
 .note.GNU-stack
                0x00000000        0x0 CMakeFiles/os_elf.dir/pico-sdk/src/rp2_common/pico_stdio_uart/stdio_uart.c.o
 .note.GNU-stack
                0x00000000        0x0 /opt/homebrew/Cellar/riscv-gnu-toolchain/main/lib/gcc/riscv64-unknown-elf/15.1.0/../../../../riscv64-unknown-elf/lib/rv32imac/ilp32/libc.a(libc_a-strlen.o)

.riscv.attributes
                0x00000000       0x89
 .riscv.attributes
                0x00000000       0x4e /opt/homebrew/Cellar/riscv-gnu-toolchain/main/lib/gcc/riscv64-unknown-elf/15.1.0/rv32imac/ilp32/crtbegin.o
 .riscv.attributes
                0x0000004e       0x85 CMakeFiles/os_elf.dir/src/kernel.c.o
 .riscv.attributes
                0x000000d3       0x89 CMakeFiles/os_elf.dir/src/uart/uart.c.o
 .riscv.attributes
                0x0000015c       0x85 CMakeFiles/os_elf.dir/pico-sdk/src/rp2_common/hardware_gpio/gpio.c.o
 .riscv.attributes
                0x000001e1       0x85 CMakeFiles/os_elf.dir/pico-sdk/src/rp2_common/pico_platform_panic/panic.c.o
 .riscv.attributes
                0x00000266       0x89 CMakeFiles/os_elf.dir/pico-sdk/src/common/hardware_claim/claim.c.o
 .riscv.attributes
                0x000002ef       0x85 CMakeFiles/os_elf.dir/pico-sdk/src/rp2_common/hardware_sync/sync.c.o
 .riscv.attributes
                0x00000374       0x85 CMakeFiles/os_elf.dir/pico-sdk/src/rp2_common/hardware_sync_spin_lock/sync_spin_lock.c.o
 .riscv.attributes
                0x000003f9       0x89 CMakeFiles/os_elf.dir/pico-sdk/src/rp2_common/hardware_irq/irq.c.o
 .riscv.attributes
                0x00000482       0x83 CMakeFiles/os_elf.dir/pico-sdk/src/rp2_common/hardware_irq/irq_handler_chain.S.o
 .riscv.attributes
                0x00000505       0x85 CMakeFiles/os_elf.dir/pico-sdk/src/common/pico_sync/lock_core.c.o
 .riscv.attributes
                0x0000058a       0x89 CMakeFiles/os_elf.dir/pico-sdk/src/common/pico_sync/mutex.c.o
 .riscv.attributes
                0x00000613       0x89 CMakeFiles/os_elf.dir/pico-sdk/src/common/pico_time/time.c.o
 .riscv.attributes
                0x0000069c       0x89 CMakeFiles/os_elf.dir/pico-sdk/src/rp2_common/hardware_timer/timer.c.o
 .riscv.attributes
                0x00000725       0x85 CMakeFiles/os_elf.dir/pico-sdk/src/rp2_common/hardware_uart/uart.c.o
 .riscv.attributes
                0x000007aa       0x85 CMakeFiles/os_elf.dir/pico-sdk/src/rp2_common/hardware_clocks/clocks.c.o
 .riscv.attributes
                0x0000082f       0x85 CMakeFiles/os_elf.dir/pico-sdk/src/rp2_common/hardware_pll/pll.c.o
 .riscv.attributes
                0x000008b4       0x85 CMakeFiles/os_elf.dir/pico-sdk/src/rp2_common/hardware_ticks/ticks.c.o
 .riscv.attributes
                0x00000939       0x85 CMakeFiles/os_elf.dir/pico-sdk/src/rp2_common/pico_bootrom/bootrom.c.o
 .riscv.attributes
                0x000009be       0x85 CMakeFiles/os_elf.dir/pico-sdk/src/rp2_common/pico_bootrom/bootrom_lock.c.o
 .riscv.attributes
                0x00000a43       0x85 CMakeFiles/os_elf.dir/pico-sdk/src/rp2_common/hardware_boot_lock/boot_lock.c.o
 .riscv.attributes
                0x00000ac8       0x85 CMakeFiles/os_elf.dir/pico-sdk/src/rp2_common/hardware_xosc/xosc.c.o
 .riscv.attributes
                0x00000b4d       0x85 CMakeFiles/os_elf.dir/pico-sdk/src/rp2_common/pico_runtime/runtime.c.o
 .riscv.attributes
                0x00000bd2       0x85 CMakeFiles/os_elf.dir/pico-sdk/src/rp2_common/pico_runtime_init/runtime_init.c.o
 .riscv.attributes
                0x00000c57       0x85 CMakeFiles/os_elf.dir/pico-sdk/src/rp2_common/pico_runtime_init/runtime_init_clocks.c.o
 .riscv.attributes
                0x00000cdc       0x85 CMakeFiles/os_elf.dir/pico-sdk/src/rp2_common/pico_standard_binary_info/standard_binary_info.c.o
 .riscv.attributes
                0x00000d61       0x85 CMakeFiles/os_elf.dir/pico-sdk/src/rp2_common/pico_printf/printf.c.o
 .riscv.attributes
                0x00000de6       0x87 CMakeFiles/os_elf.dir/pico-sdk/src/rp2_common/pico_crt0/crt0_riscv.S.o
 .riscv.attributes
                0x00000e6d       0x85 CMakeFiles/os_elf.dir/pico-sdk/src/rp2_common/pico_clib_interface/newlib_interface.c.o
 .riscv.attributes
                0x00000ef2       0x85 CMakeFiles/os_elf.dir/pico-sdk/src/rp2_common/pico_stdio/stdio.c.o
 .riscv.attributes
                0x00000f77       0x85 CMakeFiles/os_elf.dir/pico-sdk/src/rp2_common/pico_stdio_uart/stdio_uart.c.o
 .riscv.attributes
                0x00000ffc       0x4e /opt/homebrew/Cellar/riscv-gnu-toolchain/main/lib/gcc/riscv64-unknown-elf/15.1.0/../../../../riscv64-unknown-elf/lib/rv32imac/ilp32/libc.a(libc_a-strlen.o)

.debug_info     0x00000000    0x1fe3b
 .debug_info    0x00000000      0xb36 CMakeFiles/os_elf.dir/src/kernel.c.o
 .debug_info    0x00000b36      0x92e CMakeFiles/os_elf.dir/src/uart/uart.c.o
 .debug_info    0x00001464     0x27ce CMakeFiles/os_elf.dir/pico-sdk/src/rp2_common/hardware_gpio/gpio.c.o
 .debug_info    0x00003c32      0x1b5 CMakeFiles/os_elf.dir/pico-sdk/src/rp2_common/pico_platform_panic/panic.c.o
 .debug_info    0x00003de7      0xb97 CMakeFiles/os_elf.dir/pico-sdk/src/common/hardware_claim/claim.c.o
 .debug_info    0x0000497e      0x478 CMakeFiles/os_elf.dir/pico-sdk/src/rp2_common/hardware_sync/sync.c.o
 .debug_info    0x00004df6      0x296 CMakeFiles/os_elf.dir/pico-sdk/src/rp2_common/hardware_sync_spin_lock/sync_spin_lock.c.o
 .debug_info    0x0000508c     0x2b5f CMakeFiles/os_elf.dir/pico-sdk/src/rp2_common/hardware_irq/irq.c.o
 .debug_info    0x00007beb      0x188 CMakeFiles/os_elf.dir/pico-sdk/src/common/pico_sync/lock_core.c.o
 .debug_info    0x00007d73     0x2107 CMakeFiles/os_elf.dir/pico-sdk/src/common/pico_sync/mutex.c.o
 .debug_info    0x00009e7a     0x56bf CMakeFiles/os_elf.dir/pico-sdk/src/common/pico_time/time.c.o
 .debug_info    0x0000f539     0x2fe7 CMakeFiles/os_elf.dir/pico-sdk/src/rp2_common/hardware_timer/timer.c.o
 .debug_info    0x00012520     0x19b1 CMakeFiles/os_elf.dir/pico-sdk/src/rp2_common/hardware_uart/uart.c.o
 .debug_info    0x00013ed1     0x27fe CMakeFiles/os_elf.dir/pico-sdk/src/rp2_common/hardware_clocks/clocks.c.o
 .debug_info    0x000166cf      0x51d CMakeFiles/os_elf.dir/pico-sdk/src/rp2_common/hardware_pll/pll.c.o
 .debug_info    0x00016bec      0x271 CMakeFiles/os_elf.dir/pico-sdk/src/rp2_common/hardware_ticks/ticks.c.o
 .debug_info    0x00016e5d     0x109a CMakeFiles/os_elf.dir/pico-sdk/src/rp2_common/pico_bootrom/bootrom.c.o
 .debug_info    0x00017ef7      0x1c9 CMakeFiles/os_elf.dir/pico-sdk/src/rp2_common/pico_bootrom/bootrom_lock.c.o
 .debug_info    0x000180c0      0x326 CMakeFiles/os_elf.dir/pico-sdk/src/rp2_common/hardware_boot_lock/boot_lock.c.o
 .debug_info    0x000183e6      0x1ba CMakeFiles/os_elf.dir/pico-sdk/src/rp2_common/hardware_xosc/xosc.c.o
 .debug_info    0x000185a0      0x20b CMakeFiles/os_elf.dir/pico-sdk/src/rp2_common/pico_runtime/runtime.c.o
 .debug_info    0x000187ab      0x7e0 CMakeFiles/os_elf.dir/pico-sdk/src/rp2_common/pico_runtime_init/runtime_init.c.o
 .debug_info    0x00018f8b      0x7cf CMakeFiles/os_elf.dir/pico-sdk/src/rp2_common/pico_runtime_init/runtime_init_clocks.c.o
 .debug_info    0x0001975a      0x2bd CMakeFiles/os_elf.dir/pico-sdk/src/rp2_common/pico_standard_binary_info/standard_binary_info.c.o
 .debug_info    0x00019a17     0x2282 CMakeFiles/os_elf.dir/pico-sdk/src/rp2_common/pico_printf/printf.c.o
 .debug_info    0x0001bc99       0x23 CMakeFiles/os_elf.dir/pico-sdk/src/rp2_common/pico_crt0/crt0_riscv.S.o
 .debug_info    0x0001bcbc      0xc08 CMakeFiles/os_elf.dir/pico-sdk/src/rp2_common/pico_clib_interface/newlib_interface.c.o
 .debug_info    0x0001c8c4     0x1cca CMakeFiles/os_elf.dir/pico-sdk/src/rp2_common/pico_stdio/stdio.c.o
 .debug_info    0x0001e58e     0x18ad CMakeFiles/os_elf.dir/pico-sdk/src/rp2_common/pico_stdio_uart/stdio_uart.c.o

.debug_abbrev   0x00000000     0x5a60
 .debug_abbrev  0x00000000      0x30f CMakeFiles/os_elf.dir/src/kernel.c.o
 .debug_abbrev  0x0000030f      0x365 CMakeFiles/os_elf.dir/src/uart/uart.c.o
 .debug_abbrev  0x00000674      0x548 CMakeFiles/os_elf.dir/pico-sdk/src/rp2_common/hardware_gpio/gpio.c.o
 .debug_abbrev  0x00000bbc      0x11a CMakeFiles/os_elf.dir/pico-sdk/src/rp2_common/pico_platform_panic/panic.c.o
 .debug_abbrev  0x00000cd6      0x2eb CMakeFiles/os_elf.dir/pico-sdk/src/common/hardware_claim/claim.c.o
 .debug_abbrev  0x00000fc1      0x265 CMakeFiles/os_elf.dir/pico-sdk/src/rp2_common/hardware_sync/sync.c.o
 .debug_abbrev  0x00001226      0x1e5 CMakeFiles/os_elf.dir/pico-sdk/src/rp2_common/hardware_sync_spin_lock/sync_spin_lock.c.o
 .debug_abbrev  0x0000140b      0x63a CMakeFiles/os_elf.dir/pico-sdk/src/rp2_common/hardware_irq/irq.c.o
 .debug_abbrev  0x00001a45      0x122 CMakeFiles/os_elf.dir/pico-sdk/src/common/pico_sync/lock_core.c.o
 .debug_abbrev  0x00001b67      0x4c4 CMakeFiles/os_elf.dir/pico-sdk/src/common/pico_sync/mutex.c.o
 .debug_abbrev  0x0000202b      0x6d8 CMakeFiles/os_elf.dir/pico-sdk/src/common/pico_time/time.c.o
 .debug_abbrev  0x00002703      0x52b CMakeFiles/os_elf.dir/pico-sdk/src/rp2_common/hardware_timer/timer.c.o
 .debug_abbrev  0x00002c2e      0x36c CMakeFiles/os_elf.dir/pico-sdk/src/rp2_common/hardware_uart/uart.c.o
 .debug_abbrev  0x00002f9a      0x501 CMakeFiles/os_elf.dir/pico-sdk/src/rp2_common/hardware_clocks/clocks.c.o
 .debug_abbrev  0x0000349b      0x1c6 CMakeFiles/os_elf.dir/pico-sdk/src/rp2_common/hardware_pll/pll.c.o
 .debug_abbrev  0x00003661      0x14c CMakeFiles/os_elf.dir/pico-sdk/src/rp2_common/hardware_ticks/ticks.c.o
 .debug_abbrev  0x000037ad      0x45e CMakeFiles/os_elf.dir/pico-sdk/src/rp2_common/pico_bootrom/bootrom.c.o
 .debug_abbrev  0x00003c0b      0x101 CMakeFiles/os_elf.dir/pico-sdk/src/rp2_common/pico_bootrom/bootrom_lock.c.o
 .debug_abbrev  0x00003d0c      0x1cc CMakeFiles/os_elf.dir/pico-sdk/src/rp2_common/hardware_boot_lock/boot_lock.c.o
 .debug_abbrev  0x00003ed8      0x111 CMakeFiles/os_elf.dir/pico-sdk/src/rp2_common/hardware_xosc/xosc.c.o
 .debug_abbrev  0x00003fe9      0x176 CMakeFiles/os_elf.dir/pico-sdk/src/rp2_common/pico_runtime/runtime.c.o
 .debug_abbrev  0x0000415f      0x268 CMakeFiles/os_elf.dir/pico-sdk/src/rp2_common/pico_runtime_init/runtime_init.c.o
 .debug_abbrev  0x000043c7      0x2a8 CMakeFiles/os_elf.dir/pico-sdk/src/rp2_common/pico_runtime_init/runtime_init_clocks.c.o
 .debug_abbrev  0x0000466f       0xbe CMakeFiles/os_elf.dir/pico-sdk/src/rp2_common/pico_standard_binary_info/standard_binary_info.c.o
 .debug_abbrev  0x0000472d      0x51d CMakeFiles/os_elf.dir/pico-sdk/src/rp2_common/pico_printf/printf.c.o
 .debug_abbrev  0x00004c4a       0x12 CMakeFiles/os_elf.dir/pico-sdk/src/rp2_common/pico_crt0/crt0_riscv.S.o
 .debug_abbrev  0x00004c5c      0x367 CMakeFiles/os_elf.dir/pico-sdk/src/rp2_common/pico_clib_interface/newlib_interface.c.o
 .debug_abbrev  0x00004fc3      0x5e2 CMakeFiles/os_elf.dir/pico-sdk/src/rp2_common/pico_stdio/stdio.c.o
 .debug_abbrev  0x000055a5      0x4bb CMakeFiles/os_elf.dir/pico-sdk/src/rp2_common/pico_stdio_uart/stdio_uart.c.o

.debug_loclists
                0x00000000    0x123ea
 .debug_loclists
                0x00000000      0x157 CMakeFiles/os_elf.dir/src/kernel.c.o
 .debug_loclists
                0x00000157      0x3e2 CMakeFiles/os_elf.dir/src/uart/uart.c.o
 .debug_loclists
                0x00000539     0x1936 CMakeFiles/os_elf.dir/pico-sdk/src/rp2_common/hardware_gpio/gpio.c.o
 .debug_loclists
                0x00001e6f       0x20 CMakeFiles/os_elf.dir/pico-sdk/src/rp2_common/pico_platform_panic/panic.c.o
 .debug_loclists
                0x00001e8f      0x36c CMakeFiles/os_elf.dir/pico-sdk/src/common/hardware_claim/claim.c.o
 .debug_loclists
                0x000021fb      0x11c CMakeFiles/os_elf.dir/pico-sdk/src/rp2_common/hardware_sync/sync.c.o
 .debug_loclists
                0x00002317       0xbd CMakeFiles/os_elf.dir/pico-sdk/src/rp2_common/hardware_sync_spin_lock/sync_spin_lock.c.o
 .debug_loclists
                0x000023d4     0x1c07 CMakeFiles/os_elf.dir/pico-sdk/src/rp2_common/hardware_irq/irq.c.o
 .debug_loclists
                0x00003fdb       0x17 CMakeFiles/os_elf.dir/pico-sdk/src/common/pico_sync/lock_core.c.o
 .debug_loclists
                0x00003ff2      0xa06 CMakeFiles/os_elf.dir/pico-sdk/src/common/pico_sync/mutex.c.o
 .debug_loclists
                0x000049f8     0x30d5 CMakeFiles/os_elf.dir/pico-sdk/src/common/pico_time/time.c.o
 .debug_loclists
                0x00007acd     0x17c3 CMakeFiles/os_elf.dir/pico-sdk/src/rp2_common/hardware_timer/timer.c.o
 .debug_loclists
                0x00009290      0xef1 CMakeFiles/os_elf.dir/pico-sdk/src/rp2_common/hardware_uart/uart.c.o
 .debug_loclists
                0x0000a181     0x21a6 CMakeFiles/os_elf.dir/pico-sdk/src/rp2_common/hardware_clocks/clocks.c.o
 .debug_loclists
                0x0000c327      0x126 CMakeFiles/os_elf.dir/pico-sdk/src/rp2_common/hardware_pll/pll.c.o
 .debug_loclists
                0x0000c44d       0x9e CMakeFiles/os_elf.dir/pico-sdk/src/rp2_common/hardware_ticks/ticks.c.o
 .debug_loclists
                0x0000c4eb      0x8c0 CMakeFiles/os_elf.dir/pico-sdk/src/rp2_common/pico_bootrom/bootrom.c.o
 .debug_loclists
                0x0000cdab       0x28 CMakeFiles/os_elf.dir/pico-sdk/src/rp2_common/pico_bootrom/bootrom_lock.c.o
 .debug_loclists
                0x0000cdd3       0x94 CMakeFiles/os_elf.dir/pico-sdk/src/rp2_common/hardware_boot_lock/boot_lock.c.o
 .debug_loclists
                0x0000ce67       0x41 CMakeFiles/os_elf.dir/pico-sdk/src/rp2_common/hardware_xosc/xosc.c.o
 .debug_loclists
                0x0000cea8       0x7c CMakeFiles/os_elf.dir/pico-sdk/src/rp2_common/pico_runtime/runtime.c.o
 .debug_loclists
                0x0000cf24       0xe2 CMakeFiles/os_elf.dir/pico-sdk/src/rp2_common/pico_runtime_init/runtime_init.c.o
 .debug_loclists
                0x0000d006       0x7b CMakeFiles/os_elf.dir/pico-sdk/src/rp2_common/pico_runtime_init/runtime_init_clocks.c.o
 .debug_loclists
                0x0000d081     0x395e CMakeFiles/os_elf.dir/pico-sdk/src/rp2_common/pico_printf/printf.c.o
 .debug_loclists
                0x000109df      0x4a2 CMakeFiles/os_elf.dir/pico-sdk/src/rp2_common/pico_clib_interface/newlib_interface.c.o
 .debug_loclists
                0x00010e81      0xdb2 CMakeFiles/os_elf.dir/pico-sdk/src/rp2_common/pico_stdio/stdio.c.o
 .debug_loclists
                0x00011c33      0x7b7 CMakeFiles/os_elf.dir/pico-sdk/src/rp2_common/pico_stdio_uart/stdio_uart.c.o

.debug_aranges  0x00000000      0xb70
 .debug_aranges
                0x00000000       0x38 CMakeFiles/os_elf.dir/src/kernel.c.o
 .debug_aranges
                0x00000038       0x80 CMakeFiles/os_elf.dir/src/uart/uart.c.o
 .debug_aranges
                0x000000b8      0x118 CMakeFiles/os_elf.dir/pico-sdk/src/rp2_common/hardware_gpio/gpio.c.o
 .debug_aranges
                0x000001d0       0x28 CMakeFiles/os_elf.dir/pico-sdk/src/rp2_common/pico_platform_panic/panic.c.o
 .debug_aranges
                0x000001f8       0x48 CMakeFiles/os_elf.dir/pico-sdk/src/common/hardware_claim/claim.c.o
 .debug_aranges
                0x00000240       0x48 CMakeFiles/os_elf.dir/pico-sdk/src/rp2_common/hardware_sync/sync.c.o
 .debug_aranges
                0x00000288       0x28 CMakeFiles/os_elf.dir/pico-sdk/src/rp2_common/hardware_sync_spin_lock/sync_spin_lock.c.o
 .debug_aranges
                0x000002b0       0xc0 CMakeFiles/os_elf.dir/pico-sdk/src/rp2_common/hardware_irq/irq.c.o
 .debug_aranges
                0x00000370       0x20 CMakeFiles/os_elf.dir/pico-sdk/src/common/pico_sync/lock_core.c.o
 .debug_aranges
                0x00000390       0x98 CMakeFiles/os_elf.dir/pico-sdk/src/common/pico_sync/mutex.c.o
 .debug_aranges
                0x00000428       0xe0 CMakeFiles/os_elf.dir/pico-sdk/src/common/pico_time/time.c.o
 .debug_aranges
                0x00000508       0xf0 CMakeFiles/os_elf.dir/pico-sdk/src/rp2_common/hardware_timer/timer.c.o
 .debug_aranges
                0x000005f8       0x58 CMakeFiles/os_elf.dir/pico-sdk/src/rp2_common/hardware_uart/uart.c.o
 .debug_aranges
                0x00000650       0x90 CMakeFiles/os_elf.dir/pico-sdk/src/rp2_common/hardware_clocks/clocks.c.o
 .debug_aranges
                0x000006e0       0x28 CMakeFiles/os_elf.dir/pico-sdk/src/rp2_common/hardware_pll/pll.c.o
 .debug_aranges
                0x00000708       0x30 CMakeFiles/os_elf.dir/pico-sdk/src/rp2_common/hardware_ticks/ticks.c.o
 .debug_aranges
                0x00000738       0x58 CMakeFiles/os_elf.dir/pico-sdk/src/rp2_common/pico_bootrom/bootrom.c.o
 .debug_aranges
                0x00000790       0x20 CMakeFiles/os_elf.dir/pico-sdk/src/rp2_common/pico_bootrom/bootrom_lock.c.o
 .debug_aranges
                0x000007b0       0x30 CMakeFiles/os_elf.dir/pico-sdk/src/rp2_common/hardware_boot_lock/boot_lock.c.o
 .debug_aranges
                0x000007e0       0x30 CMakeFiles/os_elf.dir/pico-sdk/src/rp2_common/hardware_xosc/xosc.c.o
 .debug_aranges
                0x00000810       0x38 CMakeFiles/os_elf.dir/pico-sdk/src/rp2_common/pico_runtime/runtime.c.o
 .debug_aranges
                0x00000848       0x48 CMakeFiles/os_elf.dir/pico-sdk/src/rp2_common/pico_runtime_init/runtime_init.c.o
 .debug_aranges
                0x00000890       0x20 CMakeFiles/os_elf.dir/pico-sdk/src/rp2_common/pico_runtime_init/runtime_init_clocks.c.o
 .debug_aranges
                0x000008b0       0x18 CMakeFiles/os_elf.dir/pico-sdk/src/rp2_common/pico_standard_binary_info/standard_binary_info.c.o
 .debug_aranges
                0x000008c8       0x90 CMakeFiles/os_elf.dir/pico-sdk/src/rp2_common/pico_printf/printf.c.o
 .debug_aranges
                0x00000958       0x28 CMakeFiles/os_elf.dir/pico-sdk/src/rp2_common/pico_crt0/crt0_riscv.S.o
 .debug_aranges
                0x00000980       0xa8 CMakeFiles/os_elf.dir/pico-sdk/src/rp2_common/pico_clib_interface/newlib_interface.c.o
 .debug_aranges
                0x00000a28       0xc8 CMakeFiles/os_elf.dir/pico-sdk/src/rp2_common/pico_stdio/stdio.c.o
 .debug_aranges
                0x00000af0       0x80 CMakeFiles/os_elf.dir/pico-sdk/src/rp2_common/pico_stdio_uart/stdio_uart.c.o

.debug_rnglists
                0x00000000     0x3769
 .debug_rnglists
                0x00000000       0x62 CMakeFiles/os_elf.dir/src/kernel.c.o
 .debug_rnglists
                0x00000062      0x15c CMakeFiles/os_elf.dir/src/uart/uart.c.o
 .debug_rnglists
                0x000001be      0x620 CMakeFiles/os_elf.dir/pico-sdk/src/rp2_common/hardware_gpio/gpio.c.o
 .debug_rnglists
                0x000007de       0x19 CMakeFiles/os_elf.dir/pico-sdk/src/rp2_common/pico_platform_panic/panic.c.o
 .debug_rnglists
                0x000007f7       0x41 CMakeFiles/os_elf.dir/pico-sdk/src/common/hardware_claim/claim.c.o
 .debug_rnglists
                0x00000838       0x5b CMakeFiles/os_elf.dir/pico-sdk/src/rp2_common/hardware_sync/sync.c.o
 .debug_rnglists
                0x00000893       0x19 CMakeFiles/os_elf.dir/pico-sdk/src/rp2_common/hardware_sync_spin_lock/sync_spin_lock.c.o
 .debug_rnglists
                0x000008ac      0x5f0 CMakeFiles/os_elf.dir/pico-sdk/src/rp2_common/hardware_irq/irq.c.o
 .debug_rnglists
                0x00000e9c       0x1f CMakeFiles/os_elf.dir/pico-sdk/src/common/pico_sync/lock_core.c.o
 .debug_rnglists
                0x00000ebb      0x393 CMakeFiles/os_elf.dir/pico-sdk/src/common/pico_sync/mutex.c.o
 .debug_rnglists
                0x0000124e      0xb23 CMakeFiles/os_elf.dir/pico-sdk/src/common/pico_time/time.c.o
 .debug_rnglists
                0x00001d71      0x432 CMakeFiles/os_elf.dir/pico-sdk/src/rp2_common/hardware_timer/timer.c.o
 .debug_rnglists
                0x000021a3      0x33d CMakeFiles/os_elf.dir/pico-sdk/src/rp2_common/hardware_uart/uart.c.o
 .debug_rnglists
                0x000024e0      0x5f3 CMakeFiles/os_elf.dir/pico-sdk/src/rp2_common/hardware_clocks/clocks.c.o
 .debug_rnglists
                0x00002ad3       0x35 CMakeFiles/os_elf.dir/pico-sdk/src/rp2_common/hardware_pll/pll.c.o
 .debug_rnglists
                0x00002b08       0x2b CMakeFiles/os_elf.dir/pico-sdk/src/rp2_common/hardware_ticks/ticks.c.o
 .debug_rnglists
                0x00002b33      0x131 CMakeFiles/os_elf.dir/pico-sdk/src/rp2_common/pico_bootrom/bootrom.c.o
 .debug_rnglists
                0x00002c64       0x13 CMakeFiles/os_elf.dir/pico-sdk/src/rp2_common/pico_bootrom/bootrom_lock.c.o
 .debug_rnglists
                0x00002c77       0x3d CMakeFiles/os_elf.dir/pico-sdk/src/rp2_common/hardware_boot_lock/boot_lock.c.o
 .debug_rnglists
                0x00002cb4       0x1f CMakeFiles/os_elf.dir/pico-sdk/src/rp2_common/hardware_xosc/xosc.c.o
 .debug_rnglists
                0x00002cd3       0x79 CMakeFiles/os_elf.dir/pico-sdk/src/rp2_common/pico_runtime/runtime.c.o
 .debug_rnglists
                0x00002d4c       0x64 CMakeFiles/os_elf.dir/pico-sdk/src/rp2_common/pico_runtime_init/runtime_init.c.o
 .debug_rnglists
                0x00002db0       0x20 CMakeFiles/os_elf.dir/pico-sdk/src/rp2_common/pico_runtime_init/runtime_init_clocks.c.o
 .debug_rnglists
                0x00002dd0      0x364 CMakeFiles/os_elf.dir/pico-sdk/src/rp2_common/pico_printf/printf.c.o
 .debug_rnglists
                0x00003134       0x1a CMakeFiles/os_elf.dir/pico-sdk/src/rp2_common/pico_crt0/crt0_riscv.S.o
 .debug_rnglists
                0x0000314e       0xbb CMakeFiles/os_elf.dir/pico-sdk/src/rp2_common/pico_clib_interface/newlib_interface.c.o
 .debug_rnglists
                0x00003209      0x33b CMakeFiles/os_elf.dir/pico-sdk/src/rp2_common/pico_stdio/stdio.c.o
 .debug_rnglists
                0x00003544      0x225 CMakeFiles/os_elf.dir/pico-sdk/src/rp2_common/pico_stdio_uart/stdio_uart.c.o

.debug_line     0x00000000    0x1f502
 .debug_line    0x00000000      0x49b CMakeFiles/os_elf.dir/src/kernel.c.o
 .debug_line    0x0000049b      0xa0a CMakeFiles/os_elf.dir/src/uart/uart.c.o
 .debug_line    0x00000ea5     0x2835 CMakeFiles/os_elf.dir/pico-sdk/src/rp2_common/hardware_gpio/gpio.c.o
 .debug_line    0x000036da      0x120 CMakeFiles/os_elf.dir/pico-sdk/src/rp2_common/pico_platform_panic/panic.c.o
 .debug_line    0x000037fa      0x9a4 CMakeFiles/os_elf.dir/pico-sdk/src/common/hardware_claim/claim.c.o
 .debug_line    0x0000419e      0x38a CMakeFiles/os_elf.dir/pico-sdk/src/rp2_common/hardware_sync/sync.c.o
 .debug_line    0x00004528      0x207 CMakeFiles/os_elf.dir/pico-sdk/src/rp2_common/hardware_sync_spin_lock/sync_spin_lock.c.o
 .debug_line    0x0000472f     0x2e5a CMakeFiles/os_elf.dir/pico-sdk/src/rp2_common/hardware_irq/irq.c.o
 .debug_line    0x00007589       0xe1 CMakeFiles/os_elf.dir/pico-sdk/src/common/pico_sync/lock_core.c.o
 .debug_line    0x0000766a     0x2286 CMakeFiles/os_elf.dir/pico-sdk/src/common/pico_sync/mutex.c.o
 .debug_line    0x000098f0     0x601c CMakeFiles/os_elf.dir/pico-sdk/src/common/pico_time/time.c.o
 .debug_line    0x0000f90c     0x310a CMakeFiles/os_elf.dir/pico-sdk/src/rp2_common/hardware_timer/timer.c.o
 .debug_line    0x00012a16     0x1614 CMakeFiles/os_elf.dir/pico-sdk/src/rp2_common/hardware_uart/uart.c.o
 .debug_line    0x0001402a     0x2a53 CMakeFiles/os_elf.dir/pico-sdk/src/rp2_common/hardware_clocks/clocks.c.o
 .debug_line    0x00016a7d      0x2e8 CMakeFiles/os_elf.dir/pico-sdk/src/rp2_common/hardware_pll/pll.c.o
 .debug_line    0x00016d65      0x167 CMakeFiles/os_elf.dir/pico-sdk/src/rp2_common/hardware_ticks/ticks.c.o
 .debug_line    0x00016ecc      0xc01 CMakeFiles/os_elf.dir/pico-sdk/src/rp2_common/pico_bootrom/bootrom.c.o
 .debug_line    0x00017acd      0x110 CMakeFiles/os_elf.dir/pico-sdk/src/rp2_common/pico_bootrom/bootrom_lock.c.o
 .debug_line    0x00017bdd      0x303 CMakeFiles/os_elf.dir/pico-sdk/src/rp2_common/hardware_boot_lock/boot_lock.c.o
 .debug_line    0x00017ee0      0x192 CMakeFiles/os_elf.dir/pico-sdk/src/rp2_common/hardware_xosc/xosc.c.o
 .debug_line    0x00018072      0x23c CMakeFiles/os_elf.dir/pico-sdk/src/rp2_common/pico_runtime/runtime.c.o
 .debug_line    0x000182ae      0x357 CMakeFiles/os_elf.dir/pico-sdk/src/rp2_common/pico_runtime_init/runtime_init.c.o
 .debug_line    0x00018605      0x243 CMakeFiles/os_elf.dir/pico-sdk/src/rp2_common/pico_runtime_init/runtime_init_clocks.c.o
 .debug_line    0x00018848       0x68 CMakeFiles/os_elf.dir/pico-sdk/src/rp2_common/pico_standard_binary_info/standard_binary_info.c.o
 .debug_line    0x000188b0     0x3547 CMakeFiles/os_elf.dir/pico-sdk/src/rp2_common/pico_printf/printf.c.o
 .debug_line    0x0001bdf7      0x158 CMakeFiles/os_elf.dir/pico-sdk/src/rp2_common/pico_crt0/crt0_riscv.S.o
 .debug_line    0x0001bf4f      0x7bd CMakeFiles/os_elf.dir/pico-sdk/src/rp2_common/pico_clib_interface/newlib_interface.c.o
 .debug_line    0x0001c70c     0x1ce0 CMakeFiles/os_elf.dir/pico-sdk/src/rp2_common/pico_stdio/stdio.c.o
 .debug_line    0x0001e3ec     0x1116 CMakeFiles/os_elf.dir/pico-sdk/src/rp2_common/pico_stdio_uart/stdio_uart.c.o

.debug_str      0x00000000     0x4954
 .debug_str     0x00000000     0x4954 CMakeFiles/os_elf.dir/src/kernel.c.o
                                0x52b (size before relaxing)
 .debug_str     0x00004954        0x0 CMakeFiles/os_elf.dir/src/uart/uart.c.o
                                0x4e3 (size before relaxing)
 .debug_str     0x00004954        0x0 CMakeFiles/os_elf.dir/pico-sdk/src/rp2_common/hardware_gpio/gpio.c.o
                                0xf5c (size before relaxing)
 .debug_str     0x00004954        0x0 CMakeFiles/os_elf.dir/pico-sdk/src/rp2_common/pico_platform_panic/panic.c.o
                                0x19f (size before relaxing)
 .debug_str     0x00004954        0x0 CMakeFiles/os_elf.dir/pico-sdk/src/common/hardware_claim/claim.c.o
                                0x340 (size before relaxing)
 .debug_str     0x00004954        0x0 CMakeFiles/os_elf.dir/pico-sdk/src/rp2_common/hardware_sync/sync.c.o
                                0x2d5 (size before relaxing)
 .debug_str     0x00004954        0x0 CMakeFiles/os_elf.dir/pico-sdk/src/rp2_common/hardware_sync_spin_lock/sync_spin_lock.c.o
                                0x1d2 (size before relaxing)
 .debug_str     0x00004954        0x0 CMakeFiles/os_elf.dir/pico-sdk/src/rp2_common/hardware_irq/irq.c.o
                                0xcf7 (size before relaxing)
 .debug_str     0x00004954        0x0 CMakeFiles/os_elf.dir/pico-sdk/src/common/pico_sync/lock_core.c.o
                                0x1b5 (size before relaxing)
 .debug_str     0x00004954        0x0 CMakeFiles/os_elf.dir/pico-sdk/src/common/pico_sync/mutex.c.o
                                0x8a2 (size before relaxing)
 .debug_str     0x00004954        0x0 CMakeFiles/os_elf.dir/pico-sdk/src/common/pico_time/time.c.o
                               0x12b9 (size before relaxing)
 .debug_str     0x00004954        0x0 CMakeFiles/os_elf.dir/pico-sdk/src/rp2_common/hardware_timer/timer.c.o
                                0xb1c (size before relaxing)
 .debug_str     0x00004954        0x0 CMakeFiles/os_elf.dir/pico-sdk/src/rp2_common/hardware_uart/uart.c.o
                                0xdfc (size before relaxing)
 .debug_str     0x00004954        0x0 CMakeFiles/os_elf.dir/pico-sdk/src/rp2_common/hardware_clocks/clocks.c.o
                                0xb24 (size before relaxing)
 .debug_str     0x00004954        0x0 CMakeFiles/os_elf.dir/pico-sdk/src/rp2_common/hardware_pll/pll.c.o
                                0x43b (size before relaxing)
 .debug_str     0x00004954        0x0 CMakeFiles/os_elf.dir/pico-sdk/src/rp2_common/hardware_ticks/ticks.c.o
                                0x264 (size before relaxing)
 .debug_str     0x00004954        0x0 CMakeFiles/os_elf.dir/pico-sdk/src/rp2_common/pico_bootrom/bootrom.c.o
                                0x923 (size before relaxing)
 .debug_str     0x00004954        0x0 CMakeFiles/os_elf.dir/pico-sdk/src/rp2_common/pico_bootrom/bootrom_lock.c.o
                                0x247 (size before relaxing)
 .debug_str     0x00004954        0x0 CMakeFiles/os_elf.dir/pico-sdk/src/rp2_common/hardware_boot_lock/boot_lock.c.o
                                0x222 (size before relaxing)
 .debug_str     0x00004954        0x0 CMakeFiles/os_elf.dir/pico-sdk/src/rp2_common/hardware_xosc/xosc.c.o
                                0x1df (size before relaxing)
 .debug_str     0x00004954        0x0 CMakeFiles/os_elf.dir/pico-sdk/src/rp2_common/pico_runtime/runtime.c.o
                                0x233 (size before relaxing)
 .debug_str     0x00004954        0x0 CMakeFiles/os_elf.dir/pico-sdk/src/rp2_common/pico_runtime_init/runtime_init.c.o
                                0x7b9 (size before relaxing)
 .debug_str     0x00004954        0x0 CMakeFiles/os_elf.dir/pico-sdk/src/rp2_common/pico_runtime_init/runtime_init_clocks.c.o
                                0x46e (size before relaxing)
 .debug_str     0x00004954        0x0 CMakeFiles/os_elf.dir/pico-sdk/src/rp2_common/pico_standard_binary_info/standard_binary_info.c.o
                                0x388 (size before relaxing)
 .debug_str     0x00004954        0x0 CMakeFiles/os_elf.dir/pico-sdk/src/rp2_common/pico_printf/printf.c.o
                                0x416 (size before relaxing)
 .debug_str     0x00004954        0x0 CMakeFiles/os_elf.dir/pico-sdk/src/rp2_common/pico_crt0/crt0_riscv.S.o
                                 0x93 (size before relaxing)
 .debug_str     0x00004954        0x0 CMakeFiles/os_elf.dir/pico-sdk/src/rp2_common/pico_clib_interface/newlib_interface.c.o
                                0x813 (size before relaxing)
 .debug_str     0x00004954        0x0 CMakeFiles/os_elf.dir/pico-sdk/src/rp2_common/pico_stdio/stdio.c.o
                                0xf58 (size before relaxing)
 .debug_str     0x00004954        0x0 CMakeFiles/os_elf.dir/pico-sdk/src/rp2_common/pico_stdio_uart/stdio_uart.c.o
                               0x111a (size before relaxing)

.debug_line_str
                0x00000000     0x2261
 .debug_line_str
                0x00000000     0x2261 CMakeFiles/os_elf.dir/src/kernel.c.o
                                0x440 (size before relaxing)
 .debug_line_str
                0x00002261        0x0 CMakeFiles/os_elf.dir/src/uart/uart.c.o
                                0x2d4 (size before relaxing)
 .debug_line_str
                0x00002261        0x0 CMakeFiles/os_elf.dir/pico-sdk/src/rp2_common/hardware_gpio/gpio.c.o
                                0x49c (size before relaxing)
 .debug_line_str
                0x00002261        0x0 CMakeFiles/os_elf.dir/pico-sdk/src/rp2_common/pico_platform_panic/panic.c.o
                                0x2ca (size before relaxing)
 .debug_line_str
                0x00002261        0x0 CMakeFiles/os_elf.dir/pico-sdk/src/common/hardware_claim/claim.c.o
                                0x429 (size before relaxing)
 .debug_line_str
                0x00002261        0x0 CMakeFiles/os_elf.dir/pico-sdk/src/rp2_common/hardware_sync/sync.c.o
                                0x341 (size before relaxing)
 .debug_line_str
                0x00002261        0x0 CMakeFiles/os_elf.dir/pico-sdk/src/rp2_common/hardware_sync_spin_lock/sync_spin_lock.c.o
                                0x304 (size before relaxing)
 .debug_line_str
                0x00002261        0x0 CMakeFiles/os_elf.dir/pico-sdk/src/rp2_common/hardware_irq/irq.c.o
                                0x55b (size before relaxing)
 .debug_line_str
                0x00002261        0x0 CMakeFiles/os_elf.dir/pico-sdk/src/common/pico_sync/lock_core.c.o
                                0x2cf (size before relaxing)
 .debug_line_str
                0x00002261        0x0 CMakeFiles/os_elf.dir/pico-sdk/src/common/pico_sync/mutex.c.o
                                0x541 (size before relaxing)
 .debug_line_str
                0x00002261        0x0 CMakeFiles/os_elf.dir/pico-sdk/src/common/pico_time/time.c.o
                                0x7b3 (size before relaxing)
 .debug_line_str
                0x00002261        0x0 CMakeFiles/os_elf.dir/pico-sdk/src/rp2_common/hardware_timer/timer.c.o
                                0x6a7 (size before relaxing)
 .debug_line_str
                0x00002261        0x0 CMakeFiles/os_elf.dir/pico-sdk/src/rp2_common/hardware_uart/uart.c.o
                                0x55f (size before relaxing)
 .debug_line_str
                0x00002261        0x0 CMakeFiles/os_elf.dir/pico-sdk/src/rp2_common/hardware_clocks/clocks.c.o
                                0x5c4 (size before relaxing)
 .debug_line_str
                0x00002261        0x0 CMakeFiles/os_elf.dir/pico-sdk/src/rp2_common/hardware_pll/pll.c.o
                                0x413 (size before relaxing)
 .debug_line_str
                0x00002261        0x0 CMakeFiles/os_elf.dir/pico-sdk/src/rp2_common/hardware_ticks/ticks.c.o
                                0x33f (size before relaxing)
 .debug_line_str
                0x00002261        0x0 CMakeFiles/os_elf.dir/pico-sdk/src/rp2_common/pico_bootrom/bootrom.c.o
                                0x482 (size before relaxing)
 .debug_line_str
                0x00002261        0x0 CMakeFiles/os_elf.dir/pico-sdk/src/rp2_common/pico_bootrom/bootrom_lock.c.o
                                0x42e (size before relaxing)
 .debug_line_str
                0x00002261        0x0 CMakeFiles/os_elf.dir/pico-sdk/src/rp2_common/hardware_boot_lock/boot_lock.c.o
                                0x355 (size before relaxing)
 .debug_line_str
                0x00002261        0x0 CMakeFiles/os_elf.dir/pico-sdk/src/rp2_common/hardware_xosc/xosc.c.o
                                0x34a (size before relaxing)
 .debug_line_str
                0x00002261        0x0 CMakeFiles/os_elf.dir/pico-sdk/src/rp2_common/pico_runtime/runtime.c.o
                                0x2d7 (size before relaxing)
 .debug_line_str
                0x00002261        0x0 CMakeFiles/os_elf.dir/pico-sdk/src/rp2_common/pico_runtime_init/runtime_init.c.o
                                0x4bb (size before relaxing)
 .debug_line_str
                0x00002261        0x0 CMakeFiles/os_elf.dir/pico-sdk/src/rp2_common/pico_runtime_init/runtime_init_clocks.c.o
                                0x57c (size before relaxing)
 .debug_line_str
                0x00002261        0x0 CMakeFiles/os_elf.dir/pico-sdk/src/rp2_common/pico_standard_binary_info/standard_binary_info.c.o
                                0x2a5 (size before relaxing)
 .debug_line_str
                0x00002261        0x0 CMakeFiles/os_elf.dir/pico-sdk/src/rp2_common/pico_printf/printf.c.o
                                0x31a (size before relaxing)
 .debug_line_str
                0x00002261        0x0 CMakeFiles/os_elf.dir/pico-sdk/src/rp2_common/pico_crt0/crt0_riscv.S.o
                                 0x87 (size before relaxing)
 .debug_line_str
                0x00002261        0x0 CMakeFiles/os_elf.dir/pico-sdk/src/rp2_common/pico_clib_interface/newlib_interface.c.o
                                0x5c6 (size before relaxing)
 .debug_line_str
                0x00002261        0x0 CMakeFiles/os_elf.dir/pico-sdk/src/rp2_common/pico_stdio/stdio.c.o
                                0x744 (size before relaxing)
 .debug_line_str
                0x00002261        0x0 CMakeFiles/os_elf.dir/pico-sdk/src/rp2_common/pico_stdio_uart/stdio_uart.c.o
                                0x725 (size before relaxing)

.debug_frame    0x00000000     0x2080
 .debug_frame   0x00000000       0x84 CMakeFiles/os_elf.dir/src/kernel.c.o
 .debug_frame   0x00000084      0x184 CMakeFiles/os_elf.dir/src/uart/uart.c.o
 .debug_frame   0x00000208      0x2c8 CMakeFiles/os_elf.dir/pico-sdk/src/rp2_common/hardware_gpio/gpio.c.o
 .debug_frame   0x000004d0       0x44 CMakeFiles/os_elf.dir/pico-sdk/src/rp2_common/pico_platform_panic/panic.c.o
 .debug_frame   0x00000514       0x80 CMakeFiles/os_elf.dir/pico-sdk/src/common/hardware_claim/claim.c.o
 .debug_frame   0x00000594       0x8c CMakeFiles/os_elf.dir/pico-sdk/src/rp2_common/hardware_sync/sync.c.o
 .debug_frame   0x00000620       0x30 CMakeFiles/os_elf.dir/pico-sdk/src/rp2_common/hardware_sync_spin_lock/sync_spin_lock.c.o
 .debug_frame   0x00000650      0x1c4 CMakeFiles/os_elf.dir/pico-sdk/src/rp2_common/hardware_irq/irq.c.o
 .debug_frame   0x00000814       0x20 CMakeFiles/os_elf.dir/pico-sdk/src/common/pico_sync/lock_core.c.o
 .debug_frame   0x00000834      0x1fc CMakeFiles/os_elf.dir/pico-sdk/src/common/pico_sync/mutex.c.o
 .debug_frame   0x00000a30      0x364 CMakeFiles/os_elf.dir/pico-sdk/src/common/pico_time/time.c.o
 .debug_frame   0x00000d94      0x204 CMakeFiles/os_elf.dir/pico-sdk/src/rp2_common/hardware_timer/timer.c.o
 .debug_frame   0x00000f98       0xe8 CMakeFiles/os_elf.dir/pico-sdk/src/rp2_common/hardware_uart/uart.c.o
 .debug_frame   0x00001080      0x1e8 CMakeFiles/os_elf.dir/pico-sdk/src/rp2_common/hardware_clocks/clocks.c.o
 .debug_frame   0x00001268       0x30 CMakeFiles/os_elf.dir/pico-sdk/src/rp2_common/hardware_pll/pll.c.o
 .debug_frame   0x00001298       0x40 CMakeFiles/os_elf.dir/pico-sdk/src/rp2_common/hardware_ticks/ticks.c.o
 .debug_frame   0x000012d8      0x158 CMakeFiles/os_elf.dir/pico-sdk/src/rp2_common/pico_bootrom/bootrom.c.o
 .debug_frame   0x00001430       0x20 CMakeFiles/os_elf.dir/pico-sdk/src/rp2_common/pico_bootrom/bootrom_lock.c.o
 .debug_frame   0x00001450       0x40 CMakeFiles/os_elf.dir/pico-sdk/src/rp2_common/hardware_boot_lock/boot_lock.c.o
 .debug_frame   0x00001490       0x40 CMakeFiles/os_elf.dir/pico-sdk/src/rp2_common/hardware_xosc/xosc.c.o
 .debug_frame   0x000014d0       0x80 CMakeFiles/os_elf.dir/pico-sdk/src/rp2_common/pico_runtime/runtime.c.o
 .debug_frame   0x00001550       0x88 CMakeFiles/os_elf.dir/pico-sdk/src/rp2_common/pico_runtime_init/runtime_init.c.o
 .debug_frame   0x000015d8       0x3c CMakeFiles/os_elf.dir/pico-sdk/src/rp2_common/pico_runtime_init/runtime_init_clocks.c.o
 .debug_frame   0x00001614      0x374 CMakeFiles/os_elf.dir/pico-sdk/src/rp2_common/pico_printf/printf.c.o
 .debug_frame   0x00001988      0x194 CMakeFiles/os_elf.dir/pico-sdk/src/rp2_common/pico_clib_interface/newlib_interface.c.o
 .debug_frame   0x00001b1c      0x3d8 CMakeFiles/os_elf.dir/pico-sdk/src/rp2_common/pico_stdio/stdio.c.o
 .debug_frame   0x00001ef4      0x18c CMakeFiles/os_elf.dir/pico-sdk/src/rp2_common/pico_stdio_uart/stdio_uart.c.o
